Component: ARM Compiler 5.06 update 6 (build 750) Tool: armlink [4d35ed]

==============================================================================

Section Cross References

    main.o(i.AT24c16_rd) refers to main.o(.bss) for buf_i2c
    main.o(i.AT24c16_wr) refers to main.o(.bss) for buf_i2c
    main.o(i.EXTI_init) refers to main.o(i.gpio_pin_cfg) for gpio_pin_cfg
    main.o(i.EXTI_init) refers to main.o(i.__NVIC_EnableIRQ) for __NVIC_EnableIRQ
    main.o(i.EXTI_init) refers to main.o(i.__NVIC_SetPriority) for __NVIC_SetPriority
    main.o(i.GPIO_init) refers to main.o(i.gpio_pin_cfg) for gpio_pin_cfg
    main.o(i.I2C1_init) refers to main.o(i.gpio_pin_cfg) for gpio_pin_cfg
    main.o(i.I2C1_init) refers to main.o(i.gpio_af_cfg) for gpio_af_cfg
    main.o(i.Lcd_16dec) refers to aeabi_sdiv.o(.text) for __aeabi_idivmod
    main.o(i.Lcd_16dec) refers to main.o(i.Lcd_char) for Lcd_char
    main.o(i.Lcd_16hex) refers to main.o(i.Lcd_char) for Lcd_char
    main.o(i.Lcd_8dec) refers to aeabi_sdiv.o(.text) for __aeabi_idivmod
    main.o(i.Lcd_8dec) refers to main.o(i.Lcd_char) for Lcd_char
    main.o(i.Lcd_8dec_2) refers to aeabi_sdiv.o(.text) for __aeabi_idivmod
    main.o(i.Lcd_8dec_2) refers to main.o(i.Lcd_char) for Lcd_char
    main.o(i.Lcd_8dec_bcd) refers to main.o(i.Lcd_char) for Lcd_char
    main.o(i.Lcd_8hex) refers to main.o(i.Lcd_char) for Lcd_char
    main.o(i.Lcd_Date) refers to main.o(i.Lcd_char) for Lcd_char
    main.o(i.Lcd_Date) refers to main.o(i.Lcd_str) for Lcd_str
    main.o(i.Lcd_Date2) refers to main.o(i.Lcd_char) for Lcd_char
    main.o(i.Lcd_Date2) refers to main.o(i.Lcd_Date) for Lcd_Date
    main.o(i.Lcd_Date2) refers to main.o(.constdata) for dtyg
    main.o(i.Lcd_Time) refers to main.o(i.Lcd_char) for Lcd_char
    main.o(i.Lcd_Time2) refers to main.o(i.Lcd_char) for Lcd_char
    main.o(i.Lcd_Time2) refers to main.o(i.Lcd_Time) for Lcd_Time
    main.o(i.Lcd_Time2) refers to main.o(.constdata) for dtyg
    main.o(i.Lcd_bar) refers to main.o(i.Lcd_cmd) for Lcd_cmd
    main.o(i.Lcd_bar) refers to main.o(i.Lcd_char) for Lcd_char
    main.o(i.Lcd_bar) refers to aeabi_sdiv.o(.text) for __aeabi_idivmod
    main.o(i.Lcd_char) refers to main.o(i.waitus) for waitus
    main.o(i.Lcd_cls) refers to main.o(i.Lcd_cmd) for Lcd_cmd
    main.o(i.Lcd_cls) refers to main.o(i.Lcd_char) for Lcd_char
    main.o(i.Lcd_cmd) refers to main.o(i.waitus) for waitus
    main.o(i.Lcd_init) refers to main.o(i.waitus) for waitus
    main.o(i.Lcd_init) refers to main.o(i.Lcd_cmd) for Lcd_cmd
    main.o(i.Lcd_init) refers to main.o(i.Lcd_char) for Lcd_char
    main.o(i.Lcd_init) refers to main.o(.constdata) for initlcd
    main.o(i.Lcd_init) refers to main.o(.data) for kody_zn
    main.o(i.Lcd_str) refers to main.o(i.Lcd_char) for Lcd_char
    main.o(i.Lcd_strr) refers to main.o(i.Lcd_char) for Lcd_char
    main.o(i.RTC_IRQHandler) refers to main.o(.data) for f_rtc
    main.o(i.RTC_alarm_init) refers to main.o(i.RTC_Alarm_WriteProtectionDisable) for RTC_Alarm_WriteProtectionDisable
    main.o(i.RTC_alarm_init) refers to main.o(i.RTC_Alarm_WriteProtectionEnable) for RTC_Alarm_WriteProtectionEnable
    main.o(i.RTC_alarm_init) refers to main.o(i.__NVIC_SetPriority) for __NVIC_SetPriority
    main.o(i.RTC_alarm_init) refers to main.o(i.__NVIC_EnableIRQ) for __NVIC_EnableIRQ
    main.o(i.RTC_alarm_init) refers to main.o(i.updateAlarm) for updateAlarm
    main.o(i.RTC_init) refers to main.o(i.updateDateTime) for updateDateTime
    main.o(i.RTC_rd) refers to main.o(i.Lcd_cmd) for Lcd_cmd
    main.o(i.RTC_rd) refers to main.o(i.Lcd_char) for Lcd_char
    main.o(i.RTC_send) refers to _printf_percent.o(.ARM.Collect$$_printf_percent$$00000000) for _printf_percent
    main.o(i.RTC_send) refers to _printf_c.o(.ARM.Collect$$_printf_percent$$00000013) for _printf_c
    main.o(i.RTC_send) refers to _printf_str.o(.text) for _printf_str
    main.o(i.RTC_send) refers to noretval__2printf.o(.text) for __2printf
    main.o(i.SysTick_Handler) refers to main.o(.data) for timer1
    main.o(i.TIM3_init) refers to main.o(i.gpio_pin_cfg) for gpio_pin_cfg
    main.o(i.USART2_IRQHandler) refers to main.o(.data) for wsk_rx2
    main.o(i.USART2_IRQHandler) refers to main.o(.bss) for buf_rx2
    main.o(i.USART2_init) refers to main.o(i.gpio_pin_cfg) for gpio_pin_cfg
    main.o(i.USART2_init) refers to main.o(i.gpio_af_cfg) for gpio_af_cfg
    main.o(i.USART2_init) refers to aeabi_sdiv.o(.text) for __aeabi_uidivmod
    main.o(i.USART2_init) refers to main.o(i.__NVIC_EnableIRQ) for __NVIC_EnableIRQ
    main.o(i.addAlarmValue) refers to main.o(i.getAlarmMode) for getAlarmMode
    main.o(i.addAlarmValue) refers to main.o(i.setAlarmMode) for setAlarmMode
    main.o(i.addAlarmValue) refers to main.o(i.bcdToBinary) for bcdToBinary
    main.o(i.addAlarmValue) refers to main.o(i.binaryToBcd) for binaryToBcd
    main.o(i.addAlarmValue) refers to main.o(i.RTC_Alarm_WriteProtectionDisable) for RTC_Alarm_WriteProtectionDisable
[...]
    main.o(i.correctDay) refers to main.o(i.RTC_WriteProtectionEnable) for RTC_WriteProtectionEnable
    main.o(i.correctDay) refers to main.o(.data) for monthBCD
    main.o(i.correctDay) refers to main.o(.constdata) for dayInMonthArr
    main.o(i.displayAlarm) refers to main.o(i.Lcd_8dec_bcd) for Lcd_8dec_bcd
    main.o(i.displayAlarm) refers to main.o(i.Lcd_strr) for Lcd_strr
    main.o(i.displayAlarm) refers to main.o(.data) for alarm_hourBCD
    main.o(i.displayClock) refers to main.o(i.Lcd_cls) for Lcd_cls
    main.o(i.displayClock) refers to main.o(i.Lcd_cmd) for Lcd_cmd
    main.o(i.displayClock) refers to main.o(i.displayTime) for displayTime
    main.o(i.displayClock) refers to main.o(i.Lcd_strr) for Lcd_strr
    main.o(i.displayClock) refers to main.o(i.displayAlarm) for displayAlarm
    main.o(i.displayClock) refers to main.o(i.displayDate) for displayDate
    main.o(i.displayClock) refers to main.o(i.displayWeekDay) for displayWeekDay
    main.o(i.displayClock) refers to main.o(i.Lcd_char) for Lcd_char
    main.o(i.displayClock) refers to main.o(i.getAlarmMode) for getAlarmMode
    main.o(i.displayClock) refers to main.o(.data) for clockMode
    main.o(i.displayClock1) refers to main.o(i.Lcd_cls) for Lcd_cls
    main.o(i.displayClock1) refers to main.o(i.Lcd_cmd) for Lcd_cmd
    main.o(i.displayClock1) refers to main.o(i.displayTime) for displayTime
    main.o(i.displayClock1) refers to main.o(i.Lcd_strr) for Lcd_strr
    main.o(i.displayClock1) refers to main.o(i.displayAlarm) for displayAlarm
    main.o(i.displayClock1) refers to main.o(i.getAlarmMode) for getAlarmMode
    main.o(i.displayClock1) refers to main.o(i.Lcd_char) for Lcd_char
    main.o(i.displayClock1) refers to main.o(i.displayDate) for displayDate
    main.o(i.displayClock1) refers to main.o(i.displayWeekDay) for displayWeekDay
    main.o(i.displayClock1) refers to main.o(.data) for clockMode
    main.o(i.displayClock2) refers to main.o(i.Lcd_cls) for Lcd_cls
    main.o(i.displayClock2) refers to main.o(i.Lcd_cmd) for Lcd_cmd
    main.o(i.displayClock2) refers to main.o(i.displayTime) for displayTime
    main.o(i.displayClock2) refers to main.o(i.Lcd_strr) for Lcd_strr
    main.o(i.displayClock2) refers to main.o(i.displayAlarm) for displayAlarm
    main.o(i.displayClock2) refers to main.o(i.displayDate) for displayDate
    main.o(i.displayClock2) refers to main.o(i.displayWeekDay) for displayWeekDay
    main.o(i.displayClock2) refers to main.o(i.Lcd_char) for Lcd_char
    main.o(i.displayClock2) refers to main.o(i.getAlarmMode) for getAlarmMode
    main.o(i.displayClock2) refers to main.o(.data) for settingIndex
    main.o(i.displayDate) refers to main.o(i.Lcd_8dec_bcd) for Lcd_8dec_bcd
    main.o(i.displayDate) refers to main.o(i.Lcd_strr) for Lcd_strr
    main.o(i.displayDate) refers to main.o(i.Lcd_8dec_2) for Lcd_8dec_2
    main.o(i.displayDate) refers to main.o(.data) for dayBCD
    main.o(i.displayTime) refers to main.o(i.Lcd_8dec_bcd) for Lcd_8dec_bcd
    main.o(i.displayTime) refers to main.o(i.Lcd_strr) for Lcd_strr
    main.o(i.displayTime) refers to main.o(.data) for hourBCD
    main.o(i.displayWeekDay) refers to main.o(i.Lcd_char) for Lcd_char
    main.o(i.displayWeekDay) refers to main.o(i.Lcd_strr) for Lcd_strr
    main.o(i.displayWeekDay) refers to main.o(.data) for weekDay
    main.o(i.displayWeekDay) refers to main.o(.constdata) for weekDayArr
    main.o(i.gpio_af_cfg) refers to main.o(i.ctz) for ctz
    main.o(i.gpio_pin_cfg) refers to main.o(i.ctz) for ctz
    main.o(i.i2c_rd) refers to main.o(.bss) for buf_i2c
    main.o(i.i2c_wr) refers to main.o(.bss) for buf_i2c
    main.o(i.main) refers to main.o(i.GPIO_init) for GPIO_init
    main.o(i.main) refers to main.o(i.RCC_init) for RCC_init
    main.o(i.main) refers to main.o(i.Lcd_init) for Lcd_init
    main.o(i.main) refers to main.o(i.USART2_init) for USART2_init
    main.o(i.main) refers to main.o(i.TIM3_init) for TIM3_init
    main.o(i.main) refers to main.o(i.RTC_init) for RTC_init
    main.o(i.main) refers to main.o(i.RTC_alarm_init) for RTC_alarm_init
    main.o(i.main) refers to main.o(i.__NVIC_SetPriority) for __NVIC_SetPriority
    main.o(i.main) refers to main.o(i.Lcd_cmd) for Lcd_cmd
    main.o(i.main) refers to main.o(i.Lcd_str) for Lcd_str
    main.o(i.main) refers to main.o(i.wr595) for wr595
    main.o(i.main) refers to main.o(i.waitus) for waitus
    main.o(i.main) refers to main.o(i.updateDateTime) for updateDateTime
    main.o(i.main) refers to main.o(i.displayClock) for displayClock
    main.o(i.main) refers to main.o(i.correctDay) for correctDay
    main.o(i.main) refers to main.o(i.chechAlarm) for chechAlarm
    main.o(i.main) refers to main.o(i.alarmMode) for alarmMode
    main.o(i.main) refers to main.o(i.displayClock1) for displayClock1
    main.o(i.main) refers to main.o(i.displayClock2) for displayClock2
    main.o(i.main) refers to main.o(i.setClockMode) for setClockMode
    main.o(i.main) refers to main.o(i.nextSettingTypeTime) for nextSettingTypeTime
    main.o(i.main) refers to main.o(i.addValue) for addValue
    main.o(i.main) refers to main.o(i.nextSettingIndex) for nextSettingIndex
    main.o(i.main) refers to main.o(.data) for impuls
    main.o(i.nextSettingIndex) refers to main.o(i.setClockMode) for setClockMode
    main.o(i.nextSettingIndex) refers to main.o(i.correctDay) for correctDay
    main.o(i.nextSettingIndex) refers to main.o(i.waitus) for waitus
    main.o(i.nextSettingIndex) refers to main.o(.data) for settingIndex
    main.o(i.nextSettingIndex) refers to main.o(.constdata) for maxSettingIndex
    main.o(i.nextSettingTypeTime) refers to main.o(.data) for settingTypeTime
    main.o(i.setClockMode) refers to main.o(.data) for clockMode
    main.o(i.updateAlarm) refers to main.o(.data) for alarm_hourBCD
    main.o(i.updateDateTime) refers to main.o(.data) for hourBCD
    retarget.o(i._sys_exit) refers (Special) to use_no_semi.o(.text) for __use_no_semihosting_swi
    retarget.o(i._ttywrch) refers (Special) to use_no_semi.o(.text) for __use_no_semihosting_swi
    retarget.o(i._ttywrch) refers to main.o(i.sendchar) for sendchar
    retarget.o(i.ferror) refers (Special) to use_no_semi.o(.text) for __use_no_semihosting_swi
    retarget.o(i.fputc) refers (Special) to use_no_semi.o(.text) for __use_no_semihosting_swi
    retarget.o(i.fputc) refers to main.o(i.sendchar) for sendchar
    retarget.o(.data) refers (Special) to use_no_semi.o(.text) for __use_no_semihosting_swi
    startup_stm32f072xb.o(STACK) refers (Special) to heapauxi.o(.text) for __use_two_region_memory
    startup_stm32f072xb.o(HEAP) refers (Special) to heapauxi.o(.text) for __use_two_region_memory
    startup_stm32f072xb.o(RESET) refers (Special) to heapauxi.o(.text) for __use_two_region_memory
    startup_stm32f072xb.o(RESET) refers to startup_stm32f072xb.o(STACK) for __initial_sp
    startup_stm32f072xb.o(RESET) refers to startup_stm32f072xb.o(.text) for Reset_Handler
    startup_stm32f072xb.o(RESET) refers to main.o(i.NMI_Handler) for NMI_Handler
    startup_stm32f072xb.o(RESET) refers to main.o(i.HardFault_Handler) for HardFault_Handler
    startup_stm32f072xb.o(RESET) refers to main.o(i.SVC_Handler) for SVC_Handler
    startup_stm32f072xb.o(RESET) refers to main.o(i.PendSV_Handler) for PendSV_Handler
    startup_stm32f072xb.o(RESET) refers to main.o(i.SysTick_Handler) for SysTick_Handler
    startup_stm32f072xb.o(RESET) refers to main.o(i.RTC_IRQHandler) for RTC_IRQHandler
    startup_stm32f072xb.o(RESET) refers to main.o(i.EXTI2_3_IRQHandler) for EXTI2_3_IRQHandler
    startup_stm32f072xb.o(RESET) refers to main.o(i.TIM3_IRQHandler) for TIM3_IRQHandler
    startup_stm32f072xb.o(RESET) refers to main.o(i.TIM14_IRQHandler) for TIM14_IRQHandler
    startup_stm32f072xb.o(RESET) refers to main.o(i.TIM15_IRQHandler) for TIM15_IRQHandler
    startup_stm32f072xb.o(RESET) refers to main.o(i.USART1_IRQHandler) for USART1_IRQHandler
    startup_stm32f072xb.o(RESET) refers to main.o(i.USART2_IRQHandler) for USART2_IRQHandler
    startup_stm32f072xb.o(.text) refers (Special) to heapauxi.o(.text) for __use_two_region_memory
    startup_stm32f072xb.o(.text) refers to system_stm32f0xx.o(i.SystemInit) for SystemInit
    startup_stm32f072xb.o(.text) refers to __main.o(!!!main) for __main
    startup_stm32f072xb.o(.text) refers to startup_stm32f072xb.o(HEAP) for Heap_Mem
    startup_stm32f072xb.o(.text) refers to startup_stm32f072xb.o(STACK) for Stack_Mem
    system_stm32f0xx.o(i.SystemCoreClockUpdate) refers to aeabi_sdiv.o(.text) for __aeabi_uidivmod
    system_stm32f0xx.o(i.SystemCoreClockUpdate) refers to system_stm32f0xx.o(.data) for SystemCoreClock
    system_stm32f0xx.o(i.SystemCoreClockUpdate) refers to system_stm32f0xx.o(.constdata) for AHBPrescTable
    __2printf.o(.text) refers to _printf_char_file.o(.text) for _printf_char_file
    __2printf.o(.text) refers to retarget.o(.data) for __stdout
    noretval__2printf.o(.text) refers to _printf_char_file.o(.text) for _printf_char_file
    noretval__2printf.o(.text) refers to retarget.o(.data) for __stdout
    __printf.o(.text) refers to _printf_percent.o(.ARM.Collect$$_printf_percent$$00000000) for _printf_percent
    _printf_str.o(.text) refers (Special) to _printf_char.o(.text) for _printf_cs_common
    _printf_dec.o(.text) refers to rtudiv10.o(.text) for __rt_udiv10
    _printf_dec.o(.text) refers to _printf_intcommon.o(.text) for _printf_int_common
    __printf_flags.o(.text) refers to _printf_percent.o(.ARM.Collect$$_printf_percent$$00000000) for _printf_percent
    __printf_flags.o(.text) refers to __printf_flags.o(.constdata) for .constdata
    __printf_ss.o(.text) refers to _printf_percent.o(.ARM.Collect$$_printf_percent$$00000000) for _printf_percent
    __printf_flags_ss.o(.text) refers to _printf_percent.o(.ARM.Collect$$_printf_percent$$00000000) for _printf_percent
    __printf_flags_ss.o(.text) refers to __printf_flags_ss.o(.constdata) for .constdata
    __printf_wp.o(.text) refers to __printf_wp.o(i._is_digit) for _is_digit
    __printf_wp.o(.text) refers to _printf_percent.o(.ARM.Collect$$_printf_percent$$00000000) for _printf_percent
    __printf_flags_wp.o(.text) refers to __printf_wp.o(i._is_digit) for _is_digit
    __printf_flags_wp.o(.text) refers to _printf_percent.o(.ARM.Collect$$_printf_percent$$00000000) for _printf_percent
    __printf_flags_wp.o(.text) refers to __printf_flags_wp.o(.constdata) for .constdata
    __printf_ss_wp.o(.text) refers to __printf_wp.o(i._is_digit) for _is_digit
    __printf_ss_wp.o(.text) refers to _printf_percent.o(.ARM.Collect$$_printf_percent$$00000000) for _printf_percent
    __printf_flags_ss_wp.o(.text) refers to __printf_wp.o(i._is_digit) for _is_digit
    __printf_flags_ss_wp.o(.text) refers to _printf_percent.o(.ARM.Collect$$_printf_percent$$00000000) for _printf_percent
    __printf_flags_ss_wp.o(.text) refers to __printf_flags_ss_wp.o(.constdata) for .constdata
    _printf_c.o(.ARM.Collect$$_printf_percent$$00000013) refers (Weak) to _printf_char.o(.text) for _printf_char
    _printf_d.o(.ARM.Collect$$_printf_percent$$00000009) refers (Weak) to _printf_dec.o(.text) for _printf_int_dec
    _printf_percent.o(.ARM.Collect$$_printf_percent$$00000000) refers (Special) to _printf_percent_end.o(.ARM.Collect$$_printf_percent$$00000017) for _printf_percent_end
    __main.o(!!!main) refers to __rtentry.o(.ARM.Collect$$rtentry$$00000000) for __rt_entry
    __rtentry.o(.ARM.Collect$$rtentry$$00000000) refers (Special) to __rtentry2.o(.ARM.Collect$$rtentry$$0000000A) for __rt_entry_li
    __rtentry.o(.ARM.Collect$$rtentry$$00000000) refers (Special) to __rtentry2.o(.ARM.Collect$$rtentry$$0000000D) for __rt_entry_main
    __rtentry.o(.ARM.Collect$$rtentry$$00000000) refers (Special) to __rtentry2.o(.ARM.Collect$$rtentry$$0000000C) for __rt_entry_postli_1
    __rtentry.o(.ARM.Collect$$rtentry$$00000000) refers (Special) to __rtentry2.o(.ARM.Collect$$rtentry$$00000009) for __rt_entry_postsh_1
    __rtentry.o(.ARM.Collect$$rtentry$$00000000) refers (Special) to __rtentry2.o(.ARM.Collect$$rtentry$$00000002) for __rt_entry_presh_1
    __rtentry.o(.ARM.Collect$$rtentry$$00000000) refers (Special) to __rtentry4.o(.ARM.Collect$$rtentry$$00000004) for __rt_entry_sh
    aeabi_idiv0_sigfpe.o(.text) refers to rt_div0.o(.text) for __rt_div0
    _printf_char.o(.text) refers (Weak) to _printf_str.o(.text) for _printf_str
    _printf_char_file.o(.text) refers to _printf_char_common.o(.text) for _printf_char_common
    _printf_char_file.o(.text) refers to retarget.o(i.ferror) for ferror
    _printf_char_file.o(.text) refers to retarget.o(i.fputc) for fputc
    __rtentry2.o(.ARM.Collect$$rtentry$$00000008) refers to boardinit2.o(.text) for _platform_post_stackheap_init
    __rtentry2.o(.ARM.Collect$$rtentry$$0000000A) refers to libinit.o(.ARM.Collect$$libinit$$00000000) for __rt_lib_init
    __rtentry2.o(.ARM.Collect$$rtentry$$0000000B) refers to boardinit3.o(.text) for _platform_post_lib_init
    __rtentry2.o(.ARM.Collect$$rtentry$$0000000D) refers to main.o(i.main) for main
    __rtentry2.o(.ARM.Collect$$rtentry$$0000000D) refers to exit.o(.text) for exit
    __rtentry2.o(.ARM.exidx) refers to __rtentry2.o(.ARM.Collect$$rtentry$$00000001) for .ARM.Collect$$rtentry$$00000001
    __rtentry2.o(.ARM.exidx) refers to __rtentry2.o(.ARM.Collect$$rtentry$$00000008) for .ARM.Collect$$rtentry$$00000008
    __rtentry2.o(.ARM.exidx) refers to __rtentry2.o(.ARM.Collect$$rtentry$$0000000A) for .ARM.Collect$$rtentry$$0000000A
    __rtentry2.o(.ARM.exidx) refers to __rtentry2.o(.ARM.Collect$$rtentry$$0000000B) for .ARM.Collect$$rtentry$$0000000B
    __rtentry2.o(.ARM.exidx) refers to __rtentry2.o(.ARM.Collect$$rtentry$$0000000D) for .ARM.Collect$$rtentry$$0000000D
    __rtentry4.o(.ARM.Collect$$rtentry$$00000004) refers to sys_stackheap_outer.o(.text) for __user_setup_stackheap
    __rtentry4.o(.ARM.exidx) refers to __rtentry4.o(.ARM.Collect$$rtentry$$00000004) for .ARM.Collect$$rtentry$$00000004
    rt_div0.o(.text) refers to defsig_fpe_outer.o(.text) for __rt_SIGFPE
    _printf_char_common.o(.text) refers to __printf.o(.text) for __printf
    sys_stackheap_outer.o(.text) refers to libspace.o(.text) for __user_perproc_libspace
    sys_stackheap_outer.o(.text) refers to startup_stm32f072xb.o(.text) for __user_initial_stackheap
    sys_stackheap_outer.o(__vectab_stack_and_reset_area) refers to tempstk.o(.text) for __temporary_stack_top
    sys_stackheap_outer.o(__vectab_stack_and_reset_area) refers to __main.o(!!!main) for __main
    exit.o(.text) refers to rtexit.o(.ARM.Collect$$rtexit$$00000000) for __rt_exit
    defsig_fpe_outer.o(.text) refers to defsig_fpe_inner.o(.text) for __rt_SIGFPE_inner
    defsig_fpe_outer.o(.text) refers to defsig_exit.o(.text) for __sig_exit
    defsig_fpe_formal.o(.text) refers to rt_raise.o(.text) for __rt_raise
    libinit.o(.ARM.Collect$$libinit$$00000000) refers (Special) to libinit2.o(.ARM.Collect$$libinit$$0000002E) for __rt_lib_init_alloca_1
    libinit.o(.ARM.Collect$$libinit$$00000000) refers (Special) to libinit2.o(.ARM.Collect$$libinit$$0000002C) for __rt_lib_init_argv_1
    libinit.o(.ARM.Collect$$libinit$$00000000) refers (Special) to libinit2.o(.ARM.Collect$$libinit$$0000001B) for __rt_lib_init_atexit_1
    libinit.o(.ARM.Collect$$libinit$$00000000) refers (Special) to libinit2.o(.ARM.Collect$$libinit$$00000021) for __rt_lib_init_clock_1
    libinit.o(.ARM.Collect$$libinit$$00000000) refers (Special) to libinit2.o(.ARM.Collect$$libinit$$00000032) for __rt_lib_init_cpp_1
    libinit.o(.ARM.Collect$$libinit$$00000000) refers (Special) to libinit2.o(.ARM.Collect$$libinit$$00000030) for __rt_lib_init_exceptions_1
    libinit.o(.ARM.Collect$$libinit$$00000000) refers (Special) to libinit2.o(.ARM.Collect$$libinit$$00000002) for __rt_lib_init_fp_1
    libinit.o(.ARM.Collect$$libinit$$00000000) refers (Special) to libinit2.o(.ARM.Collect$$libinit$$0000001F) for __rt_lib_init_fp_trap_1
    libinit.o(.ARM.Collect$$libinit$$00000000) refers (Special) to libinit2.o(.ARM.Collect$$libinit$$00000023) for __rt_lib_init_getenv_1
    libinit.o(.ARM.Collect$$libinit$$00000000) refers (Special) to libinit2.o(.ARM.Collect$$libinit$$0000000A) for __rt_lib_init_heap_1
    libinit.o(.ARM.Collect$$libinit$$00000000) refers (Special) to libinit2.o(.ARM.Collect$$libinit$$00000011) for __rt_lib_init_lc_collate_1
    libinit.o(.ARM.Collect$$libinit$$00000000) refers (Special) to libinit2.o(.ARM.Collect$$libinit$$00000013) for __rt_lib_init_lc_ctype_1
    libinit.o(.ARM.Collect$$libinit$$00000000) refers (Special) to libinit2.o(.ARM.Collect$$libinit$$00000015) for __rt_lib_init_lc_monetary_1
    libinit.o(.ARM.Collect$$libinit$$00000000) refers (Special) to libinit2.o(.ARM.Collect$$libinit$$00000017) for __rt_lib_init_lc_numeric_1
    libinit.o(.ARM.Collect$$libinit$$00000000) refers (Special) to libinit2.o(.ARM.Collect$$libinit$$00000019) for __rt_lib_init_lc_time_1
    libinit.o(.ARM.Collect$$libinit$$00000000) refers (Special) to libinit2.o(.ARM.Collect$$libinit$$00000004) for __rt_lib_init_preinit_1
    libinit.o(.ARM.Collect$$libinit$$00000000) refers (Special) to libinit2.o(.ARM.Collect$$libinit$$0000000E) for __rt_lib_init_rand_1
    libinit.o(.ARM.Collect$$libinit$$00000000) refers (Special) to libinit2.o(.ARM.Collect$$libinit$$00000033) for __rt_lib_init_return
    libinit.o(.ARM.Collect$$libinit$$00000000) refers (Special) to libinit2.o(.ARM.Collect$$libinit$$0000001D) for __rt_lib_init_signal_1
    libinit.o(.ARM.Collect$$libinit$$00000000) refers (Special) to libinit2.o(.ARM.Collect$$libinit$$00000025) for __rt_lib_init_stdio_1
    libinit.o(.ARM.Collect$$libinit$$00000000) refers (Special) to libinit2.o(.ARM.Collect$$libinit$$0000000C) for __rt_lib_init_user_alloc_1
    libspace.o(.text) refers to libspace.o(.bss) for __libspace_start
    rtexit.o(.ARM.Collect$$rtexit$$00000000) refers (Special) to rtexit2.o(.ARM.Collect$$rtexit$$00000004) for __rt_exit_exit
    rtexit.o(.ARM.Collect$$rtexit$$00000000) refers (Special) to rtexit2.o(.ARM.Collect$$rtexit$$00000003) for __rt_exit_ls
    rtexit.o(.ARM.Collect$$rtexit$$00000000) refers (Special) to rtexit2.o(.ARM.Collect$$rtexit$$00000002) for __rt_exit_prels_1
    rtexit.o(.ARM.exidx) refers (Special) to rtexit2.o(.ARM.Collect$$rtexit$$00000004) for __rt_exit_exit
    rtexit.o(.ARM.exidx) refers (Special) to rtexit2.o(.ARM.Collect$$rtexit$$00000003) for __rt_exit_ls
    rtexit.o(.ARM.exidx) refers (Special) to rtexit2.o(.ARM.Collect$$rtexit$$00000002) for __rt_exit_prels_1
    rtexit.o(.ARM.exidx) refers to rtexit.o(.ARM.Collect$$rtexit$$00000000) for .ARM.Collect$$rtexit$$00000000
    rt_raise.o(.text) refers to __raise.o(.text) for __raise
    rt_raise.o(.text) refers to retarget.o(i._sys_exit) for _sys_exit
    defsig_exit.o(.text) refers to retarget.o(i._sys_exit) for _sys_exit
    defsig_fpe_inner.o(.text) refers to defsig_general.o(.text) for __default_signal_display
    libinit2.o(.ARM.Collect$$libinit$$00000010) refers to libinit2.o(.ARM.Collect$$libinit$$0000000F) for .ARM.Collect$$libinit$$0000000F
    libinit2.o(.ARM.Collect$$libinit$$00000012) refers to libinit2.o(.ARM.Collect$$libinit$$0000000F) for .ARM.Collect$$libinit$$0000000F
    libinit2.o(.ARM.Collect$$libinit$$00000014) refers to libinit2.o(.ARM.Collect$$libinit$$0000000F) for .ARM.Collect$$libinit$$0000000F
    libinit2.o(.ARM.Collect$$libinit$$00000016) refers to libinit2.o(.ARM.Collect$$libinit$$0000000F) for .ARM.Collect$$libinit$$0000000F
    libinit2.o(.ARM.Collect$$libinit$$00000018) refers to libinit2.o(.ARM.Collect$$libinit$$0000000F) for .ARM.Collect$$libinit$$0000000F
    libinit2.o(.ARM.Collect$$libinit$$00000026) refers to argv_veneer.o(.text) for __ARM_argv_veneer
    libinit2.o(.ARM.Collect$$libinit$$00000027) refers to argv_veneer.o(.text) for __ARM_argv_veneer
    rtexit2.o(.ARM.Collect$$rtexit$$00000003) refers to libshutdown.o(.ARM.Collect$$libshutdown$$00000000) for __rt_lib_shutdown
    rtexit2.o(.ARM.Collect$$rtexit$$00000004) refers to retarget.o(i._sys_exit) for _sys_exit
    rtexit2.o(.ARM.exidx) refers to rtexit2.o(.ARM.Collect$$rtexit$$00000001) for .ARM.Collect$$rtexit$$00000001
    rtexit2.o(.ARM.exidx) refers to rtexit2.o(.ARM.Collect$$rtexit$$00000003) for .ARM.Collect$$rtexit$$00000003
    rtexit2.o(.ARM.exidx) refers to rtexit2.o(.ARM.Collect$$rtexit$$00000004) for .ARM.Collect$$rtexit$$00000004
    __raise.o(.text) refers to defsig.o(CL$$defsig) for __default_signal_handler
    defsig_general.o(.text) refers to retarget.o(i._ttywrch) for _ttywrch
    defsig.o(CL$$defsig) refers to defsig_fpe_inner.o(.text) for __rt_SIGFPE_inner
    defsig.o(CL$$defsig) refers to defsig_rtmem_inner.o(.text) for __rt_SIGRTMEM_inner
    _get_argv_nomalloc.o(.text) refers (Special) to hrguard.o(.text) for __heap_region$guard
    _get_argv_nomalloc.o(.text) refers to defsig_rtmem_outer.o(.text) for __rt_SIGRTMEM
    _get_argv_nomalloc.o(.text) refers to sys_command.o(.text) for _sys_command_string
    libshutdown.o(.ARM.Collect$$libshutdown$$00000000) refers (Special) to libshutdown2.o(.ARM.Collect$$libshutdown$$00000002) for __rt_lib_shutdown_cpp_1
    libshutdown.o(.ARM.Collect$$libshutdown$$00000000) refers (Special) to libshutdown2.o(.ARM.Collect$$libshutdown$$00000007) for __rt_lib_shutdown_fp_trap_1
    libshutdown.o(.ARM.Collect$$libshutdown$$00000000) refers (Special) to libshutdown2.o(.ARM.Collect$$libshutdown$$0000000F) for __rt_lib_shutdown_heap_1
    libshutdown.o(.ARM.Collect$$libshutdown$$00000000) refers (Special) to libshutdown2.o(.ARM.Collect$$libshutdown$$00000010) for __rt_lib_shutdown_return
    libshutdown.o(.ARM.Collect$$libshutdown$$00000000) refers (Special) to libshutdown2.o(.ARM.Collect$$libshutdown$$0000000A) for __rt_lib_shutdown_signal_1
    libshutdown.o(.ARM.Collect$$libshutdown$$00000000) refers (Special) to libshutdown2.o(.ARM.Collect$$libshutdown$$00000004) for __rt_lib_shutdown_stdio_1
    libshutdown.o(.ARM.Collect$$libshutdown$$00000000) refers (Special) to libshutdown2.o(.ARM.Collect$$libshutdown$$0000000C) for __rt_lib_shutdown_user_alloc_1
    sys_command.o(.text) refers (Special) to use_no_semi.o(.text) for __I$use$semihosting
    sys_command.o(.text) refers (Special) to indicate_semi.o(.text) for __semihosting_library_function
    defsig_abrt_inner.o(.text) refers to defsig_general.o(.text) for __default_signal_display
    defsig_rtred_inner.o(.text) refers to defsig_general.o(.text) for __default_signal_display
    defsig_rtmem_inner.o(.text) refers to defsig_general.o(.text) for __default_signal_display
    defsig_rtmem_outer.o(.text) refers to defsig_rtmem_inner.o(.text) for __rt_SIGRTMEM_inner
    defsig_rtmem_outer.o(.text) refers to defsig_exit.o(.text) for __sig_exit
    defsig_rtmem_formal.o(.text) refers to rt_raise.o(.text) for __rt_raise
    defsig_stak_inner.o(.text) refers to defsig_general.o(.text) for __default_signal_display
    defsig_pvfn_inner.o(.text) refers to defsig_general.o(.text) for __default_signal_display
    defsig_cppl_inner.o(.text) refers to defsig_general.o(.text) for __default_signal_display
    defsig_segv_inner.o(.text) refers to defsig_general.o(.text) for __default_signal_display
    defsig_other.o(.text) refers to defsig_general.o(.text) for __default_signal_display


==============================================================================

Removing Unused input sections from the image.

    Removing main.o(.rev16_text), (4 bytes).
    Removing main.o(.revsh_text), (4 bytes).
    Removing main.o(i.ADC1_init), (84 bytes).
    Removing main.o(i.ADC1_rd), (60 bytes).
    Removing main.o(i.AT24c16_rd), (156 bytes).
    Removing main.o(i.AT24c16_wr), (108 bytes).
    Removing main.o(i.EXTI_init), (128 bytes).
    Removing main.o(i.I2C1_init), (116 bytes).
    Removing main.o(i.Lcd_16dec), (148 bytes).
    Removing main.o(i.Lcd_16hex), (92 bytes).
    Removing main.o(i.Lcd_8dec), (74 bytes).
    Removing main.o(i.Lcd_8hex), (48 bytes).
    Removing main.o(i.Lcd_Date), (120 bytes).
    Removing main.o(i.Lcd_Date2), (64 bytes).
    Removing main.o(i.Lcd_Time), (116 bytes).
    Removing main.o(i.Lcd_Time2), (64 bytes).
    Removing main.o(i.Lcd_bar), (290 bytes).
    Removing main.o(i.RTC_date), (64 bytes).
    Removing main.o(i.RTC_rd), (124 bytes).
    Removing main.o(i.RTC_send), (128 bytes).
    Removing main.o(i.RTC_time), (60 bytes).
    Removing main.o(i.SPI2_wr), (24 bytes).
    Removing main.o(i.SPI2_wrd), (48 bytes).
    Removing main.o(i.i2c_rd), (144 bytes).
    Removing main.o(i.i2c_wr), (96 bytes).
    Removing retarget.o(i._ttywrch), (12 bytes).
    Removing system_stm32f0xx.o(.rev16_text), (4 bytes).
    Removing system_stm32f0xx.o(.revsh_text), (4 bytes).
    Removing system_stm32f0xx.o(i.SystemCoreClockUpdate), (208 bytes).
    Removing system_stm32f0xx.o(.constdata), (24 bytes).
    Removing system_stm32f0xx.o(.data), (4 bytes).

31 unused section(s) (total 2620 bytes) removed from the image.

==============================================================================

Image Symbol Table

    Local Symbols

    Symbol Name                              Value     Ov Type        Size  Object(Section)

    ../clib/angel/boardlib.s                 0x00000000   Number         0  boardinit1.o ABSOLUTE
    ../clib/angel/boardlib.s                 0x00000000   Number         0  boardinit2.o ABSOLUTE
    ../clib/angel/boardlib.s                 0x00000000   Number         0  boardshut.o ABSOLUTE
    ../clib/angel/boardlib.s                 0x00000000   Number         0  boardinit3.o ABSOLUTE
    ../clib/angel/handlers.s                 0x00000000   Number         0  __scatter_zi.o ABSOLUTE
    ../clib/angel/handlers.s                 0x00000000   Number         0  __scatter_copy.o ABSOLUTE
    ../clib/angel/kernel.s                   0x00000000   Number         0  __rtentry.o ABSOLUTE
    ../clib/angel/kernel.s                   0x00000000   Number         0  rtexit2.o ABSOLUTE
    ../clib/angel/kernel.s                   0x00000000   Number         0  rtexit.o ABSOLUTE
    ../clib/angel/kernel.s                   0x00000000   Number         0  __rtentry4.o ABSOLUTE
    ../clib/angel/kernel.s                   0x00000000   Number         0  __rtentry2.o ABSOLUTE
    ../clib/angel/rt.s                       0x00000000   Number         0  rt_raise.o ABSOLUTE
    ../clib/angel/rt.s                       0x00000000   Number         0  aeabi_idiv0_sigfpe.o ABSOLUTE
    ../clib/angel/rt.s                       0x00000000   Number         0  aeabi_idiv0.o ABSOLUTE
    ../clib/angel/rt.s                       0x00000000   Number         0  rt_div0.o ABSOLUTE
    ../clib/angel/scatterp.s                 0x00000000   Number         0  __scatter.o ABSOLUTE
    ../clib/angel/startup.s                  0x00000000   Number         0  __main.o ABSOLUTE
    ../clib/angel/sys.s                      0x00000000   Number         0  use_no_semi.o ABSOLUTE
    ../clib/angel/sys.s                      0x00000000   Number         0  indicate_semi.o ABSOLUTE
    ../clib/angel/sys.s                      0x00000000   Number         0  libspace.o ABSOLUTE
    ../clib/angel/sys.s                      0x00000000   Number         0  tempstk.o ABSOLUTE
    ../clib/angel/sys.s                      0x00000000   Number         0  sys_stackheap_outer.o ABSOLUTE
    ../clib/angel/sysapp.c                   0x00000000   Number         0  sys_command.o ABSOLUTE
    ../clib/armsys.c                         0x00000000   Number         0  no_argv.o ABSOLUTE
    ../clib/armsys.c                         0x00000000   Number         0  argv_veneer.o ABSOLUTE
    ../clib/armsys.c                         0x00000000   Number         0  _get_argv_nomalloc.o ABSOLUTE
    ../clib/division.c                       0x00000000   Number         0  rtudiv10.o ABSOLUTE
    ../clib/division.s                       0x00000000   Number         0  aeabi_sdiv_div0.o ABSOLUTE
    ../clib/division.s                       0x00000000   Number         0  aeabi_sdiv.o ABSOLUTE
    ../clib/heapalloc.c                      0x00000000   Number         0  hrguard.o ABSOLUTE
    ../clib/heapaux.c                        0x00000000   Number         0  heapauxi.o ABSOLUTE
    ../clib/libinit.s                        0x00000000   Number         0  libshutdown2.o ABSOLUTE
    ../clib/libinit.s                        0x00000000   Number         0  libinit.o ABSOLUTE
    ../clib/libinit.s                        0x00000000   Number         0  libinit2.o ABSOLUTE
    ../clib/libinit.s                        0x00000000   Number         0  libshutdown.o ABSOLUTE
    ../clib/printf.c                         0x00000000   Number         0  _printf_dec.o ABSOLUTE
    ../clib/printf.c                         0x00000000   Number         0  __printf_flags.o ABSOLUTE
    ../clib/printf.c                         0x00000000   Number         0  __printf_ss.o ABSOLUTE
    ../clib/printf.c                         0x00000000   Number         0  __printf_flags_ss.o ABSOLUTE
    ../clib/printf.c                         0x00000000   Number         0  __printf_wp.o ABSOLUTE
    ../clib/printf.c                         0x00000000   Number         0  __printf_flags_wp.o ABSOLUTE
    ../clib/printf.c                         0x00000000   Number         0  __printf_ss_wp.o ABSOLUTE
    ../clib/printf.c                         0x00000000   Number         0  __printf_flags_ss_wp.o ABSOLUTE
    ../clib/printf.c                         0x00000000   Number         0  _printf_char_file.o ABSOLUTE
    ../clib/printf.c                         0x00000000   Number         0  __printf_nopercent.o ABSOLUTE
    ../clib/printf.c                         0x00000000   Number         0  _printf_str.o ABSOLUTE
    ../clib/printf.c                         0x00000000   Number         0  _printf_char_common.o ABSOLUTE
    ../clib/printf.c                         0x00000000   Number         0  _printf_char.o ABSOLUTE
    ../clib/printf.c                         0x00000000   Number         0  __2printf.o ABSOLUTE
    ../clib/printf.c                         0x00000000   Number         0  noretval__2printf.o ABSOLUTE
    ../clib/printf.c                         0x00000000   Number         0  _printf_intcommon.o ABSOLUTE
    ../clib/printf.c                         0x00000000   Number         0  __printf.o ABSOLUTE
    ../clib/printf_percent.s                 0x00000000   Number         0  _printf_c.o ABSOLUTE
    ../clib/printf_percent.s                 0x00000000   Number         0  _printf_percent.o ABSOLUTE
    ../clib/printf_percent.s                 0x00000000   Number         0  _printf_d.o ABSOLUTE
    ../clib/printf_percent.s                 0x00000000   Number         0  _printf_percent_end.o ABSOLUTE
    ../clib/signal.c                         0x00000000   Number         0  defsig_fpe_formal.o ABSOLUTE
    ../clib/signal.c                         0x00000000   Number         0  defsig_rtmem_inner.o ABSOLUTE
    ../clib/signal.c                         0x00000000   Number         0  defsig_general.o ABSOLUTE
    ../clib/signal.c                         0x00000000   Number         0  __raise.o ABSOLUTE
    ../clib/signal.c                         0x00000000   Number         0  defsig_segv_inner.o ABSOLUTE
    ../clib/signal.c                         0x00000000   Number         0  defsig_other.o ABSOLUTE
    ../clib/signal.c                         0x00000000   Number         0  defsig_rtmem_formal.o ABSOLUTE
    ../clib/signal.c                         0x00000000   Number         0  defsig_fpe_inner.o ABSOLUTE
    ../clib/signal.c                         0x00000000   Number         0  defsig_exit.o ABSOLUTE
    ../clib/signal.c                         0x00000000   Number         0  defsig_rtmem_outer.o ABSOLUTE
    ../clib/signal.c                         0x00000000   Number         0  defsig_abrt_inner.o ABSOLUTE
    ../clib/signal.c                         0x00000000   Number         0  defsig_rtred_inner.o ABSOLUTE
    ../clib/signal.c                         0x00000000   Number         0  defsig_fpe_outer.o ABSOLUTE
    ../clib/signal.c                         0x00000000   Number         0  defsig_stak_inner.o ABSOLUTE
    ../clib/signal.c                         0x00000000   Number         0  defsig_pvfn_inner.o ABSOLUTE
    ../clib/signal.c                         0x00000000   Number         0  defsig_cppl_inner.o ABSOLUTE
    ../clib/signal.s                         0x00000000   Number         0  defsig.o ABSOLUTE
    ../clib/stdlib.c                         0x00000000   Number         0  exit.o ABSOLUTE
    ../fplib/cfplib/fpinit.c                 0x00000000   Number         0  fpinit.o ABSOLUTE
    RTE\Device\STM32F072RBTx\startup_stm32f072xb.s 0x00000000   Number         0  startup_stm32f072xb.o ABSOLUTE
    RTE\Device\STM32F072RBTx\system_stm32f0xx.c 0x00000000   Number         0  system_stm32f0xx.o ABSOLUTE
    RTE\\Device\\STM32F072RBTx\\system_stm32f0xx.c 0x00000000   Number         0  system_stm32f0xx.o ABSOLUTE
    Retarget.c                               0x00000000   Number         0  retarget.o ABSOLUTE
    dc.s                                     0x00000000   Number         0  dc.o ABSOLUTE
    main.c                                   0x00000000   Number         0  main.o ABSOLUTE
    main.c                                   0x00000000   Number         0  main.o ABSOLUTE
    RESET                                    0x08000000   Section      192  startup_stm32f072xb.o(RESET)
    !!!main                                  0x080000c0   Section        8  __main.o(!!!main)
    !!!scatter                               0x080000c8   Section       60  __scatter.o(!!!scatter)
    !!handler_copy                           0x08000104   Section       26  __scatter_copy.o(!!handler_copy)
    !!handler_zi                             0x08000120   Section       28  __scatter_zi.o(!!handler_zi)
    .ARM.Collect$$_printf_percent$$00000000  0x0800013c   Section        2  _printf_percent.o(.ARM.Collect$$_printf_percent$$00000000)
    .ARM.Collect$$_printf_percent$$00000009  0x0800013e   Section       10  _printf_d.o(.ARM.Collect$$_printf_percent$$00000009)
    .ARM.Collect$$_printf_percent$$00000017  0x08000148   Section        4  _printf_percent_end.o(.ARM.Collect$$_printf_percent$$00000017)
    .ARM.Collect$$libinit$$00000000          0x0800014c   Section        2  libinit.o(.ARM.Collect$$libinit$$00000000)
    .ARM.Collect$$libinit$$00000002          0x0800014e   Section        0  libinit2.o(.ARM.Collect$$libinit$$00000002)
    .ARM.Collect$$libinit$$00000004          0x0800014e   Section        0  libinit2.o(.ARM.Collect$$libinit$$00000004)
    .ARM.Collect$$libinit$$0000000A          0x0800014e   Section        0  libinit2.o(.ARM.Collect$$libinit$$0000000A)
    .ARM.Collect$$libinit$$0000000C          0x0800014e   Section        0  libinit2.o(.ARM.Collect$$libinit$$0000000C)
    .ARM.Collect$$libinit$$0000000E          0x0800014e   Section        0  libinit2.o(.ARM.Collect$$libinit$$0000000E)
    .ARM.Collect$$libinit$$00000011          0x0800014e   Section        0  libinit2.o(.ARM.Collect$$libinit$$00000011)
    .ARM.Collect$$libinit$$00000013          0x0800014e   Section        0  libinit2.o(.ARM.Collect$$libinit$$00000013)
    .ARM.Collect$$libinit$$00000015          0x0800014e   Section        0  libinit2.o(.ARM.Collect$$libinit$$00000015)
    .ARM.Collect$$libinit$$00000017          0x0800014e   Section        0  libinit2.o(.ARM.Collect$$libinit$$00000017)
    .ARM.Collect$$libinit$$00000019          0x0800014e   Section        0  libinit2.o(.ARM.Collect$$libinit$$00000019)
    .ARM.Collect$$libinit$$0000001B          0x0800014e   Section        0  libinit2.o(.ARM.Collect$$libinit$$0000001B)
    .ARM.Collect$$libinit$$0000001D          0x0800014e   Section        0  libinit2.o(.ARM.Collect$$libinit$$0000001D)
    .ARM.Collect$$libinit$$0000001F          0x0800014e   Section        0  libinit2.o(.ARM.Collect$$libinit$$0000001F)
    .ARM.Collect$$libinit$$00000021          0x0800014e   Section        0  libinit2.o(.ARM.Collect$$libinit$$00000021)
    .ARM.Collect$$libinit$$00000023          0x0800014e   Section        0  libinit2.o(.ARM.Collect$$libinit$$00000023)
    .ARM.Collect$$libinit$$00000025          0x0800014e   Section        0  libinit2.o(.ARM.Collect$$libinit$$00000025)
    .ARM.Collect$$libinit$$0000002C          0x0800014e   Section        0  libinit2.o(.ARM.Collect$$libinit$$0000002C)
    .ARM.Collect$$libinit$$0000002E          0x0800014e   Section        0  libinit2.o(.ARM.Collect$$libinit$$0000002E)
    .ARM.Collect$$libinit$$00000030          0x0800014e   Section        0  libinit2.o(.ARM.Collect$$libinit$$00000030)
    .ARM.Collect$$libinit$$00000032          0x0800014e   Section        0  libinit2.o(.ARM.Collect$$libinit$$00000032)
    .ARM.Collect$$libinit$$00000033          0x0800014e   Section        2  libinit2.o(.ARM.Collect$$libinit$$00000033)
    .ARM.Collect$$libshutdown$$00000000      0x08000150   Section        2  libshutdown.o(.ARM.Collect$$libshutdown$$00000000)
    .ARM.Collect$$libshutdown$$00000002      0x08000152   Section        0  libshutdown2.o(.ARM.Collect$$libshutdown$$00000002)
    .ARM.Collect$$libshutdown$$00000004      0x08000152   Section        0  libshutdown2.o(.ARM.Collect$$libshutdown$$00000004)
    .ARM.Collect$$libshutdown$$00000007      0x08000152   Section        0  libshutdown2.o(.ARM.Collect$$libshutdown$$00000007)
    .ARM.Collect$$libshutdown$$0000000A      0x08000152   Section        0  libshutdown2.o(.ARM.Collect$$libshutdown$$0000000A)
    .ARM.Collect$$libshutdown$$0000000C      0x08000152   Section        0  libshutdown2.o(.ARM.Collect$$libshutdown$$0000000C)
    .ARM.Collect$$libshutdown$$0000000F      0x08000152   Section        0  libshutdown2.o(.ARM.Collect$$libshutdown$$0000000F)
    .ARM.Collect$$libshutdown$$00000010      0x08000152   Section        2  libshutdown2.o(.ARM.Collect$$libshutdown$$00000010)
    .ARM.Collect$$rtentry$$00000000          0x08000154   Section        0  __rtentry.o(.ARM.Collect$$rtentry$$00000000)
    .ARM.Collect$$rtentry$$00000002          0x08000154   Section        0  __rtentry2.o(.ARM.Collect$$rtentry$$00000002)
    .ARM.Collect$$rtentry$$00000004          0x08000154   Section        6  __rtentry4.o(.ARM.Collect$$rtentry$$00000004)
    .ARM.Collect$$rtentry$$00000009          0x0800015a   Section        0  __rtentry2.o(.ARM.Collect$$rtentry$$00000009)
    .ARM.Collect$$rtentry$$0000000A          0x0800015a   Section        4  __rtentry2.o(.ARM.Collect$$rtentry$$0000000A)
    .ARM.Collect$$rtentry$$0000000C          0x0800015e   Section        0  __rtentry2.o(.ARM.Collect$$rtentry$$0000000C)
    .ARM.Collect$$rtentry$$0000000D          0x0800015e   Section        8  __rtentry2.o(.ARM.Collect$$rtentry$$0000000D)
    .ARM.Collect$$rtexit$$00000000           0x08000166   Section        2  rtexit.o(.ARM.Collect$$rtexit$$00000000)
    .ARM.Collect$$rtexit$$00000002           0x08000168   Section        0  rtexit2.o(.ARM.Collect$$rtexit$$00000002)
    .ARM.Collect$$rtexit$$00000003           0x08000168   Section        4  rtexit2.o(.ARM.Collect$$rtexit$$00000003)
    .ARM.Collect$$rtexit$$00000004           0x0800016c   Section        6  rtexit2.o(.ARM.Collect$$rtexit$$00000004)
    .text                                    0x08000174   Section       56  startup_stm32f072xb.o(.text)
    .text                                    0x080001ac   Section        2  use_no_semi.o(.text)
    .text                                    0x080001b0   Section        0  noretval__2printf.o(.text)
    .text                                    0x080001cc   Section        0  __printf.o(.text)
    .text                                    0x08000238   Section        0  _printf_dec.o(.text)
    .text                                    0x080002a4   Section      346  aeabi_sdiv.o(.text)
    .text                                    0x080003fe   Section        0  heapauxi.o(.text)
    .text                                    0x08000404   Section        0  _printf_intcommon.o(.text)
    .text                                    0x080004b4   Section        0  _printf_char_file.o(.text)
    .text                                    0x080004dc   Section        0  rtudiv10.o(.text)
    .text                                    0x08000504   Section        0  _printf_char_common.o(.text)
    _printf_input_char                       0x08000505   Thumb Code    10  _printf_char_common.o(.text)
    .text                                    0x08000534   Section       62  sys_stackheap_outer.o(.text)
    .text                                    0x08000572   Section        0  exit.o(.text)
    .text                                    0x08000584   Section        8  libspace.o(.text)
    i.EXTI2_3_IRQHandler                     0x0800058c   Section        0  main.o(i.EXTI2_3_IRQHandler)
    i.GPIO_init                              0x080005a8   Section        0  main.o(i.GPIO_init)
    i.HardFault_Handler                      0x08000664   Section        0  main.o(i.HardFault_Handler)
    i.Lcd_8dec_2                             0x08000668   Section        0  main.o(i.Lcd_8dec_2)
    i.Lcd_8dec_bcd                           0x0800069c   Section        0  main.o(i.Lcd_8dec_bcd)
    i.Lcd_char                               0x080006d0   Section        0  main.o(i.Lcd_char)
    i.Lcd_cls                                0x08000734   Section        0  main.o(i.Lcd_cls)
    i.Lcd_cmd                                0x08000770   Section        0  main.o(i.Lcd_cmd)
    i.Lcd_init                               0x080007c8   Section        0  main.o(i.Lcd_init)
    i.Lcd_str                                0x08000884   Section        0  main.o(i.Lcd_str)
    i.Lcd_strr                               0x0800089a   Section        0  main.o(i.Lcd_strr)
    i.NMI_Handler                            0x080008b0   Section        0  main.o(i.NMI_Handler)
    i.PendSV_Handler                         0x080008b2   Section        0  main.o(i.PendSV_Handler)
    i.RCC_init                               0x080008b4   Section        0  main.o(i.RCC_init)
    i.RTC_Alarm_WriteProtectionDisable       0x08000934   Section        0  main.o(i.RTC_Alarm_WriteProtectionDisable)
    i.RTC_Alarm_WriteProtectionEnable        0x08000960   Section        0  main.o(i.RTC_Alarm_WriteProtectionEnable)
    i.RTC_IRQHandler                         0x0800097c   Section        0  main.o(i.RTC_IRQHandler)
    i.RTC_WriteProtectionDisable             0x080009ac   Section        0  main.o(i.RTC_WriteProtectionDisable)
    i.RTC_WriteProtectionEnable              0x080009d8   Section        0  main.o(i.RTC_WriteProtectionEnable)
    i.RTC_alarm_init                         0x080009f4   Section        0  main.o(i.RTC_alarm_init)
    i.RTC_init                               0x08000a54   Section        0  main.o(i.RTC_init)
    i.SVC_Handler                            0x08000ab4   Section        0  main.o(i.SVC_Handler)
    i.SysTick_Handler                        0x08000ab8   Section        0  main.o(i.SysTick_Handler)
    i.SystemInit                             0x08000be4   Section        0  system_stm32f0xx.o(i.SystemInit)
    i.TIM14_IRQHandler                       0x08000c5c   Section        0  main.o(i.TIM14_IRQHandler)
    i.TIM15_IRQHandler                       0x08000c78   Section        0  main.o(i.TIM15_IRQHandler)
    i.TIM3_IRQHandler                        0x08000c94   Section        0  main.o(i.TIM3_IRQHandler)
    i.TIM3_init                              0x08000cd8   Section        0  main.o(i.TIM3_init)
    i.USART1_IRQHandler                      0x08000d24   Section        0  main.o(i.USART1_IRQHandler)
    i.USART2_IRQHandler                      0x08000d28   Section        0  main.o(i.USART2_IRQHandler)
    i.USART2_init                            0x08000d78   Section        0  main.o(i.USART2_init)
    i.__NVIC_EnableIRQ                       0x08000de0   Section        0  main.o(i.__NVIC_EnableIRQ)
    __NVIC_EnableIRQ                         0x08000de1   Thumb Code    26  main.o(i.__NVIC_EnableIRQ)
    i.__NVIC_SetPriority                     0x08000e00   Section        0  main.o(i.__NVIC_SetPriority)
    __NVIC_SetPriority                       0x08000e01   Thumb Code   110  main.o(i.__NVIC_SetPriority)
    i._sys_exit                              0x08000e78   Section        0  retarget.o(i._sys_exit)
    i.addAlarmValue                          0x08000e7c   Section        0  main.o(i.addAlarmValue)
    i.addDateValue                           0x08000f60   Section        0  main.o(i.addDateValue)
    i.addTimeValue                           0x08001064   Section        0  main.o(i.addTimeValue)
    i.addValue                               0x0800117c   Section        0  main.o(i.addValue)
    i.addWeekDayValue                        0x080011f8   Section        0  main.o(i.addWeekDayValue)
    i.alarmMode                              0x08001240   Section        0  main.o(i.alarmMode)
    i.bcdToBinary                            0x080013e0   Section        0  main.o(i.bcdToBinary)
    i.binaryToBcd                            0x080013f2   Section        0  main.o(i.binaryToBcd)
    i.chechAlarm                             0x08001410   Section        0  main.o(i.chechAlarm)
    i.correctDay                             0x0800146c   Section        0  main.o(i.correctDay)
    i.ctz                                    0x080014cc   Section        0  main.o(i.ctz)
    i.displayAlarm                           0x08001514   Section        0  main.o(i.displayAlarm)
    i.displayClock                           0x08001558   Section        0  main.o(i.displayClock)
    i.displayClock1                          0x080015c4   Section        0  main.o(i.displayClock1)
    i.displayClock2                          0x08001644   Section        0  main.o(i.displayClock2)
    i.displayDate                            0x080016fc   Section        0  main.o(i.displayDate)
    i.displayTime                            0x08001764   Section        0  main.o(i.displayTime)
    i.displayWeekDay                         0x080017c8   Section        0  main.o(i.displayWeekDay)
    i.ferror                                 0x0800180c   Section        0  retarget.o(i.ferror)
    i.fputc                                  0x08001814   Section        0  retarget.o(i.fputc)
    i.getAlarmMode                           0x08001824   Section        0  main.o(i.getAlarmMode)
    i.gpio_af_cfg                            0x08001834   Section        0  main.o(i.gpio_af_cfg)
    i.gpio_pin_cfg                           0x0800186c   Section        0  main.o(i.gpio_pin_cfg)
    i.main                                   0x080018d8   Section        0  main.o(i.main)
    i.nextSettingIndex                       0x08001bd0   Section        0  main.o(i.nextSettingIndex)
    i.nextSettingTypeTime                    0x08001c5c   Section        0  main.o(i.nextSettingTypeTime)
    i.sendchar                               0x08001cb4   Section        0  main.o(i.sendchar)
    i.setAlarmMode                           0x08001cd0   Section        0  main.o(i.setAlarmMode)
    i.setClockMode                           0x08001cf0   Section        0  main.o(i.setClockMode)
    i.updateAlarm                            0x08001d3c   Section        0  main.o(i.updateAlarm)
    i.updateDateTime                         0x08001d64   Section        0  main.o(i.updateDateTime)
    i.waitus                                 0x08001ddc   Section        0  main.o(i.waitus)
    i.wr595                                  0x08001e38   Section        0  main.o(i.wr595)
    .constdata                               0x08001e84   Section       58  main.o(.constdata)
    .data                                    0x20000000   Section      118  main.o(.data)
    .data                                    0x20000078   Section        8  retarget.o(.data)
    .bss                                     0x20000080   Section       96  main.o(.bss)
    .bss                                     0x200000e0   Section       96  libspace.o(.bss)
    HEAP                                     0x20000140   Section      512  startup_stm32f072xb.o(HEAP)
    Heap_Mem                                 0x20000140   Data         512  startup_stm32f072xb.o(HEAP)
    STACK                                    0x20000340   Section     1024  startup_stm32f072xb.o(STACK)
    Stack_Mem                                0x20000340   Data        1024  startup_stm32f072xb.o(STACK)
    __initial_sp                             0x20000740   Data           0  startup_stm32f072xb.o(STACK)

    Global Symbols

    Symbol Name                              Value     Ov Type        Size  Object(Section)

    BuildAttributes$$THM_ISAv3M$S$PE$A:L22$X:L11$S22$IEEE1$IW$USESV6$~STKCKD$USESV7$~SHL$OSPACE$ROPI$EBA8$UX$STANDARDLIB$REQ8$PRES8$EABIv2 0x00000000   Number         0  anon$$obj.o ABSOLUTE
    __ARM_use_no_argv                        0x00000000   Number         0  main.o ABSOLUTE
    __ARM_exceptions_init                     - Undefined Weak Reference
    __alloca_initialize                       - Undefined Weak Reference
    __arm_preinit_                            - Undefined Weak Reference
    __cpp_initialize__aeabi_                  - Undefined Weak Reference
    __cxa_finalize                            - Undefined Weak Reference
    __rt_locale                               - Undefined Weak Reference
    __sigvec_lookup                           - Undefined Weak Reference
    _atexit_init                              - Undefined Weak Reference
    _call_atexit_fns                          - Undefined Weak Reference
    _clock_init                               - Undefined Weak Reference
    _fp_trap_init                             - Undefined Weak Reference
    _fp_trap_shutdown                         - Undefined Weak Reference
    _get_lc_collate                           - Undefined Weak Reference
    _get_lc_ctype                             - Undefined Weak Reference
    _get_lc_monetary                          - Undefined Weak Reference
    _get_lc_numeric                           - Undefined Weak Reference
    _get_lc_time                              - Undefined Weak Reference
    _getenv_init                              - Undefined Weak Reference
    _handle_redirection                       - Undefined Weak Reference
    _init_alloc                               - Undefined Weak Reference
    _init_user_alloc                          - Undefined Weak Reference
    _initio                                   - Undefined Weak Reference
    _printf_mbtowc                            - Undefined Weak Reference
    _printf_post_padding                      - Undefined Weak Reference
    _printf_pre_padding                       - Undefined Weak Reference
    _printf_truncate_signed                   - Undefined Weak Reference
    _printf_truncate_unsigned                 - Undefined Weak Reference
    _rand_init                                - Undefined Weak Reference
    _signal_finish                            - Undefined Weak Reference
    _signal_init                              - Undefined Weak Reference
    _terminate_alloc                          - Undefined Weak Reference
    _terminate_user_alloc                     - Undefined Weak Reference
    _terminateio                              - Undefined Weak Reference
    __Vectors_Size                           0x000000c0   Number         0  startup_stm32f072xb.o ABSOLUTE
    __Vectors                                0x08000000   Data           4  startup_stm32f072xb.o(RESET)
    __Vectors_End                            0x080000c0   Data           0  startup_stm32f072xb.o(RESET)
    __main                                   0x080000c1   Thumb Code     8  __main.o(!!!main)
    __scatterload                            0x080000c9   Thumb Code     0  __scatter.o(!!!scatter)
    __scatterload_rt2                        0x080000c9   Thumb Code    52  __scatter.o(!!!scatter)
    __scatterload_rt2_thumb_only             0x080000c9   Thumb Code     0  __scatter.o(!!!scatter)
    __scatterload_null                       0x080000d9   Thumb Code     0  __scatter.o(!!!scatter)
    __scatterload_copy                       0x08000105   Thumb Code    26  __scatter_copy.o(!!handler_copy)
    __scatterload_zeroinit                   0x08000121   Thumb Code    28  __scatter_zi.o(!!handler_zi)
    _printf_percent                          0x0800013d   Thumb Code     0  _printf_percent.o(.ARM.Collect$$_printf_percent$$00000000)
    _printf_d                                0x0800013f   Thumb Code     0  _printf_d.o(.ARM.Collect$$_printf_percent$$00000009)
    _printf_percent_end                      0x08000149   Thumb Code     0  _printf_percent_end.o(.ARM.Collect$$_printf_percent$$00000017)
    __rt_lib_init                            0x0800014d   Thumb Code     0  libinit.o(.ARM.Collect$$libinit$$00000000)
    __rt_lib_init_alloca_1                   0x0800014f   Thumb Code     0  libinit2.o(.ARM.Collect$$libinit$$0000002E)
    __rt_lib_init_argv_1                     0x0800014f   Thumb Code     0  libinit2.o(.ARM.Collect$$libinit$$0000002C)
    __rt_lib_init_atexit_1                   0x0800014f   Thumb Code     0  libinit2.o(.ARM.Collect$$libinit$$0000001B)
    __rt_lib_init_clock_1                    0x0800014f   Thumb Code     0  libinit2.o(.ARM.Collect$$libinit$$00000021)
    __rt_lib_init_cpp_1                      0x0800014f   Thumb Code     0  libinit2.o(.ARM.Collect$$libinit$$00000032)
    __rt_lib_init_exceptions_1               0x0800014f   Thumb Code     0  libinit2.o(.ARM.Collect$$libinit$$00000030)
    __rt_lib_init_fp_1                       0x0800014f   Thumb Code     0  libinit2.o(.ARM.Collect$$libinit$$00000002)
    __rt_lib_init_fp_trap_1                  0x0800014f   Thumb Code     0  libinit2.o(.ARM.Collect$$libinit$$0000001F)
    __rt_lib_init_getenv_1                   0x0800014f   Thumb Code     0  libinit2.o(.ARM.Collect$$libinit$$00000023)
    __rt_lib_init_heap_1                     0x0800014f   Thumb Code     0  libinit2.o(.ARM.Collect$$libinit$$0000000A)
    __rt_lib_init_lc_collate_1               0x0800014f   Thumb Code     0  libinit2.o(.ARM.Collect$$libinit$$00000011)
    __rt_lib_init_lc_ctype_1                 0x0800014f   Thumb Code     0  libinit2.o(.ARM.Collect$$libinit$$00000013)
    __rt_lib_init_lc_monetary_1              0x0800014f   Thumb Code     0  libinit2.o(.ARM.Collect$$libinit$$00000015)
    __rt_lib_init_lc_numeric_1               0x0800014f   Thumb Code     0  libinit2.o(.ARM.Collect$$libinit$$00000017)
    __rt_lib_init_lc_time_1                  0x0800014f   Thumb Code     0  libinit2.o(.ARM.Collect$$libinit$$00000019)
    __rt_lib_init_preinit_1                  0x0800014f   Thumb Code     0  libinit2.o(.ARM.Collect$$libinit$$00000004)
    __rt_lib_init_rand_1                     0x0800014f   Thumb Code     0  libinit2.o(.ARM.Collect$$libinit$$0000000E)
    __rt_lib_init_return                     0x0800014f   Thumb Code     0  libinit2.o(.ARM.Collect$$libinit$$00000033)
    __rt_lib_init_signal_1                   0x0800014f   Thumb Code     0  libinit2.o(.ARM.Collect$$libinit$$0000001D)
    __rt_lib_init_stdio_1                    0x0800014f   Thumb Code     0  libinit2.o(.ARM.Collect$$libinit$$00000025)
    __rt_lib_init_user_alloc_1               0x0800014f   Thumb Code     0  libinit2.o(.ARM.Collect$$libinit$$0000000C)
    __rt_lib_shutdown                        0x08000151   Thumb Code     0  libshutdown.o(.ARM.Collect$$libshutdown$$00000000)
    __rt_lib_shutdown_cpp_1                  0x08000153   Thumb Code     0  libshutdown2.o(.ARM.Collect$$libshutdown$$00000002)
    __rt_lib_shutdown_fp_trap_1              0x08000153   Thumb Code     0  libshutdown2.o(.ARM.Collect$$libshutdown$$00000007)
    __rt_lib_shutdown_heap_1                 0x08000153   Thumb Code     0  libshutdown2.o(.ARM.Collect$$libshutdown$$0000000F)
    __rt_lib_shutdown_return                 0x08000153   Thumb Code     0  libshutdown2.o(.ARM.Collect$$libshutdown$$00000010)
    __rt_lib_shutdown_signal_1               0x08000153   Thumb Code     0  libshutdown2.o(.ARM.Collect$$libshutdown$$0000000A)
    __rt_lib_shutdown_stdio_1                0x08000153   Thumb Code     0  libshutdown2.o(.ARM.Collect$$libshutdown$$00000004)
    __rt_lib_shutdown_user_alloc_1           0x08000153   Thumb Code     0  libshutdown2.o(.ARM.Collect$$libshutdown$$0000000C)
    __rt_entry                               0x08000155   Thumb Code     0  __rtentry.o(.ARM.Collect$$rtentry$$00000000)
    __rt_entry_presh_1                       0x08000155   Thumb Code     0  __rtentry2.o(.ARM.Collect$$rtentry$$00000002)
    __rt_entry_sh                            0x08000155   Thumb Code     0  __rtentry4.o(.ARM.Collect$$rtentry$$00000004)
    __rt_entry_li                            0x0800015b   Thumb Code     0  __rtentry2.o(.ARM.Collect$$rtentry$$0000000A)
    __rt_entry_postsh_1                      0x0800015b   Thumb Code     0  __rtentry2.o(.ARM.Collect$$rtentry$$00000009)
    __rt_entry_main                          0x0800015f   Thumb Code     0  __rtentry2.o(.ARM.Collect$$rtentry$$0000000D)
    __rt_entry_postli_1                      0x0800015f   Thumb Code     0  __rtentry2.o(.ARM.Collect$$rtentry$$0000000C)
    __rt_exit                                0x08000167   Thumb Code     0  rtexit.o(.ARM.Collect$$rtexit$$00000000)
    __rt_exit_ls                             0x08000169   Thumb Code     0  rtexit2.o(.ARM.Collect$$rtexit$$00000003)
    __rt_exit_prels_1                        0x08000169   Thumb Code     0  rtexit2.o(.ARM.Collect$$rtexit$$00000002)
    __rt_exit_exit                           0x0800016d   Thumb Code     0  rtexit2.o(.ARM.Collect$$rtexit$$00000004)
    Reset_Handler                            0x08000175   Thumb Code     8  startup_stm32f072xb.o(.text)
    ADC1_COMP_IRQHandler                     0x08000187   Thumb Code     0  startup_stm32f072xb.o(.text)
    CEC_CAN_IRQHandler                       0x08000187   Thumb Code     0  startup_stm32f072xb.o(.text)
    DMA1_Channel1_IRQHandler                 0x08000187   Thumb Code     0  startup_stm32f072xb.o(.text)
    DMA1_Channel2_3_IRQHandler               0x08000187   Thumb Code     0  startup_stm32f072xb.o(.text)
    DMA1_Channel4_5_6_7_IRQHandler           0x08000187   Thumb Code     0  startup_stm32f072xb.o(.text)
    EXTI0_1_IRQHandler                       0x08000187   Thumb Code     0  startup_stm32f072xb.o(.text)
    EXTI4_15_IRQHandler                      0x08000187   Thumb Code     0  startup_stm32f072xb.o(.text)
    FLASH_IRQHandler                         0x08000187   Thumb Code     0  startup_stm32f072xb.o(.text)
    I2C1_IRQHandler                          0x08000187   Thumb Code     0  startup_stm32f072xb.o(.text)
    I2C2_IRQHandler                          0x08000187   Thumb Code     0  startup_stm32f072xb.o(.text)
    PVD_VDDIO2_IRQHandler                    0x08000187   Thumb Code     0  startup_stm32f072xb.o(.text)
    RCC_CRS_IRQHandler                       0x08000187   Thumb Code     0  startup_stm32f072xb.o(.text)
    SPI1_IRQHandler                          0x08000187   Thumb Code     0  startup_stm32f072xb.o(.text)
    SPI2_IRQHandler                          0x08000187   Thumb Code     0  startup_stm32f072xb.o(.text)
    TIM16_IRQHandler                         0x08000187   Thumb Code     0  startup_stm32f072xb.o(.text)
    TIM17_IRQHandler                         0x08000187   Thumb Code     0  startup_stm32f072xb.o(.text)
    TIM1_BRK_UP_TRG_COM_IRQHandler           0x08000187   Thumb Code     0  startup_stm32f072xb.o(.text)
    TIM1_CC_IRQHandler                       0x08000187   Thumb Code     0  startup_stm32f072xb.o(.text)
    TIM2_IRQHandler                          0x08000187   Thumb Code     0  startup_stm32f072xb.o(.text)
    TIM6_DAC_IRQHandler                      0x08000187   Thumb Code     0  startup_stm32f072xb.o(.text)
    TIM7_IRQHandler                          0x08000187   Thumb Code     0  startup_stm32f072xb.o(.text)
    TSC_IRQHandler                           0x08000187   Thumb Code     0  startup_stm32f072xb.o(.text)
    USART3_4_IRQHandler                      0x08000187   Thumb Code     0  startup_stm32f072xb.o(.text)
    USB_IRQHandler                           0x08000187   Thumb Code     0  startup_stm32f072xb.o(.text)
    WWDG_IRQHandler                          0x08000187   Thumb Code     0  startup_stm32f072xb.o(.text)
    __user_initial_stackheap                 0x08000189   Thumb Code     0  startup_stm32f072xb.o(.text)
    __I$use$semihosting                      0x080001ad   Thumb Code     0  use_no_semi.o(.text)
    __use_no_semihosting_swi                 0x080001ad   Thumb Code     2  use_no_semi.o(.text)
    __2printf                                0x080001b1   Thumb Code    22  noretval__2printf.o(.text)
    __printf                                 0x080001cd   Thumb Code   108  __printf.o(.text)
    _printf_int_dec                          0x08000239   Thumb Code    90  _printf_dec.o(.text)
    __aeabi_uidiv                            0x080002a5   Thumb Code     0  aeabi_sdiv.o(.text)
    __aeabi_uidivmod                         0x080002a5   Thumb Code    20  aeabi_sdiv.o(.text)
    __aeabi_idiv                             0x080002b9   Thumb Code     0  aeabi_sdiv.o(.text)
    __aeabi_idivmod                          0x080002b9   Thumb Code   326  aeabi_sdiv.o(.text)
    __use_two_region_memory                  0x080003ff   Thumb Code     2  heapauxi.o(.text)
    __rt_heap_escrow$2region                 0x08000401   Thumb Code     2  heapauxi.o(.text)
    __rt_heap_expand$2region                 0x08000403   Thumb Code     2  heapauxi.o(.text)
    _printf_int_common                       0x08000405   Thumb Code   176  _printf_intcommon.o(.text)
    _printf_char_file                        0x080004b5   Thumb Code    34  _printf_char_file.o(.text)
    __rt_udiv10                              0x080004dd   Thumb Code    40  rtudiv10.o(.text)
    _printf_char_common                      0x0800050f   Thumb Code    32  _printf_char_common.o(.text)
    __user_setup_stackheap                   0x08000535   Thumb Code    62  sys_stackheap_outer.o(.text)
    exit                                     0x08000573   Thumb Code    16  exit.o(.text)
    __user_libspace                          0x08000585   Thumb Code     8  libspace.o(.text)
    __user_perproc_libspace                  0x08000585   Thumb Code     0  libspace.o(.text)
    __user_perthread_libspace                0x08000585   Thumb Code     0  libspace.o(.text)
    EXTI2_3_IRQHandler                       0x0800058d   Thumb Code    24  main.o(i.EXTI2_3_IRQHandler)
    GPIO_init                                0x080005a9   Thumb Code   166  main.o(i.GPIO_init)
    HardFault_Handler                        0x08000665   Thumb Code     4  main.o(i.HardFault_Handler)
    Lcd_8dec_2                               0x08000669   Thumb Code    52  main.o(i.Lcd_8dec_2)
    Lcd_8dec_bcd                             0x0800069d   Thumb Code    50  main.o(i.Lcd_8dec_bcd)
    Lcd_char                                 0x080006d1   Thumb Code    90  main.o(i.Lcd_char)
    Lcd_cls                                  0x08000735   Thumb Code    58  main.o(i.Lcd_cls)
    Lcd_cmd                                  0x08000771   Thumb Code    76  main.o(i.Lcd_cmd)
    Lcd_init                                 0x080007c9   Thumb Code   160  main.o(i.Lcd_init)
    Lcd_str                                  0x08000885   Thumb Code    22  main.o(i.Lcd_str)
    Lcd_strr                                 0x0800089b   Thumb Code    22  main.o(i.Lcd_strr)
    NMI_Handler                              0x080008b1   Thumb Code     2  main.o(i.NMI_Handler)
    PendSV_Handler                           0x080008b3   Thumb Code     2  main.o(i.PendSV_Handler)
    RCC_init                                 0x080008b5   Thumb Code   120  main.o(i.RCC_init)
    RTC_Alarm_WriteProtectionDisable         0x08000935   Thumb Code    38  main.o(i.RTC_Alarm_WriteProtectionDisable)
    RTC_Alarm_WriteProtectionEnable          0x08000961   Thumb Code    24  main.o(i.RTC_Alarm_WriteProtectionEnable)
    RTC_IRQHandler                           0x0800097d   Thumb Code    36  main.o(i.RTC_IRQHandler)
    RTC_WriteProtectionDisable               0x080009ad   Thumb Code    38  main.o(i.RTC_WriteProtectionDisable)
    RTC_WriteProtectionEnable                0x080009d9   Thumb Code    22  main.o(i.RTC_WriteProtectionEnable)
    RTC_alarm_init                           0x080009f5   Thumb Code    82  main.o(i.RTC_alarm_init)
    RTC_init                                 0x08000a55   Thumb Code    86  main.o(i.RTC_init)
    SVC_Handler                              0x08000ab5   Thumb Code     2  main.o(i.SVC_Handler)
    SysTick_Handler                          0x08000ab9   Thumb Code   248  main.o(i.SysTick_Handler)
    SystemInit                               0x08000be5   Thumb Code   102  system_stm32f0xx.o(i.SystemInit)
    TIM14_IRQHandler                         0x08000c5d   Thumb Code    20  main.o(i.TIM14_IRQHandler)
    TIM15_IRQHandler                         0x08000c79   Thumb Code    20  main.o(i.TIM15_IRQHandler)
    TIM3_IRQHandler                          0x08000c95   Thumb Code    60  main.o(i.TIM3_IRQHandler)
    TIM3_init                                0x08000cd9   Thumb Code    60  main.o(i.TIM3_init)
    USART1_IRQHandler                        0x08000d25   Thumb Code     2  main.o(i.USART1_IRQHandler)
    USART2_IRQHandler                        0x08000d29   Thumb Code    62  main.o(i.USART2_IRQHandler)
    USART2_init                              0x08000d79   Thumb Code    90  main.o(i.USART2_init)
    _sys_exit                                0x08000e79   Thumb Code     4  retarget.o(i._sys_exit)
    addAlarmValue                            0x08000e7d   Thumb Code   212  main.o(i.addAlarmValue)
    addDateValue                             0x08000f61   Thumb Code   240  main.o(i.addDateValue)
    addTimeValue                             0x08001065   Thumb Code   262  main.o(i.addTimeValue)
    addValue                                 0x0800117d   Thumb Code   102  main.o(i.addValue)
    addWeekDayValue                          0x080011f9   Thumb Code    64  main.o(i.addWeekDayValue)
    alarmMode                                0x08001241   Thumb Code   364  main.o(i.alarmMode)
    bcdToBinary                              0x080013e1   Thumb Code    18  main.o(i.bcdToBinary)
    binaryToBcd                              0x080013f3   Thumb Code    28  main.o(i.binaryToBcd)
    chechAlarm                               0x08001411   Thumb Code    72  main.o(i.chechAlarm)
    correctDay                               0x0800146d   Thumb Code    80  main.o(i.correctDay)
    ctz                                      0x080014cd   Thumb Code    70  main.o(i.ctz)
    displayAlarm                             0x08001515   Thumb Code    52  main.o(i.displayAlarm)
    displayClock                             0x08001559   Thumb Code    94  main.o(i.displayClock)
    displayClock1                            0x080015c5   Thumb Code   118  main.o(i.displayClock1)
    displayClock2                            0x08001645   Thumb Code   170  main.o(i.displayClock2)
    displayDate                              0x080016fd   Thumb Code    84  main.o(i.displayDate)
    displayTime                              0x08001765   Thumb Code    78  main.o(i.displayTime)
    displayWeekDay                           0x080017c9   Thumb Code    56  main.o(i.displayWeekDay)
    ferror                                   0x0800180d   Thumb Code     8  retarget.o(i.ferror)
    fputc                                    0x08001815   Thumb Code    14  retarget.o(i.fputc)
    getAlarmMode                             0x08001825   Thumb Code    10  main.o(i.getAlarmMode)
    gpio_af_cfg                              0x08001835   Thumb Code    56  main.o(i.gpio_af_cfg)
    gpio_pin_cfg                             0x0800186d   Thumb Code   108  main.o(i.gpio_pin_cfg)
    main                                     0x080018d9   Thumb Code   644  main.o(i.main)
    nextSettingIndex                         0x08001bd1   Thumb Code   112  main.o(i.nextSettingIndex)
    nextSettingTypeTime                      0x08001c5d   Thumb Code    74  main.o(i.nextSettingTypeTime)
    sendchar                                 0x08001cb5   Thumb Code    24  main.o(i.sendchar)
    setAlarmMode                             0x08001cd1   Thumb Code    26  main.o(i.setAlarmMode)
    setClockMode                             0x08001cf1   Thumb Code    54  main.o(i.setClockMode)
    updateAlarm                              0x08001d3d   Thumb Code    26  main.o(i.updateAlarm)
    updateDateTime                           0x08001d65   Thumb Code    86  main.o(i.updateDateTime)
    waitus                                   0x08001ddd   Thumb Code    92  main.o(i.waitus)
    wr595                                    0x08001e39   Thumb Code    72  main.o(i.wr595)
    weekDayArr                               0x08001e84   Data          15  main.o(.constdata)
    dayInMonthArr                            0x08001e93   Data          12  main.o(.constdata)
    maxSettingIndex                          0x08001e9f   Data           4  main.o(.constdata)
    dtyg                                     0x08001ea3   Data          15  main.o(.constdata)
    initlcd                                  0x08001eb2   Data          12  main.o(.constdata)
    Region$$Table$$Base                      0x08001ec0   Number         0  anon$$obj.o(Region$$Table)
    Region$$Table$$Limit                     0x08001ee0   Number         0  anon$$obj.o(Region$$Table)
    f_rtc                                    0x20000000   Data           1  main.o(.data)
    hourBCD                                  0x20000001   Data           1  main.o(.data)
    minuteBCD                                0x20000002   Data           1  main.o(.data)
    secondBCD                                0x20000003   Data           1  main.o(.data)
    yearBCD                                  0x20000004   Data           1  main.o(.data)
    monthBCD                                 0x20000005   Data           1  main.o(.data)
    dayBCD                                   0x20000006   Data           1  main.o(.data)
    weekDay                                  0x20000007   Data           1  main.o(.data)
    alarm_hourBCD                            0x20000008   Data           1  main.o(.data)
    alarm_minuteBCD                          0x20000009   Data           1  main.o(.data)
    timerBlink                               0x2000000a   Data           2  main.o(.data)
    timerBlinkHoldOff                        0x2000000c   Data           2  main.o(.data)
    timerNoAction                            0x2000000e   Data           2  main.o(.data)
    clockMode                                0x20000010   Data           1  main.o(.data)
    settingTypeTime                          0x20000011   Data           1  main.o(.data)
    settingIndex                             0x20000012   Data           1  main.o(.data)
    j                                        0x20000014   Data           2  main.o(.data)
    t                                        0x20000018   Data           4  main.o(.data)
    led                                      0x2000001c   Data           1  main.o(.data)
    bar                                      0x2000001d   Data           1  main.o(.data)
    dir_led                                  0x2000001e   Data           1  main.o(.data)
    dir_bar                                  0x2000001f   Data           1  main.o(.data)
    impuls                                   0x20000020   Data           1  main.o(.data)
    wsk_rx1                                  0x20000021   Data           1  main.o(.data)
    f_rx1                                    0x20000022   Data           1  main.o(.data)
    wsk_rx2                                  0x20000023   Data           1  main.o(.data)
    f_rx2                                    0x20000024   Data           1  main.o(.data)
    timer1                                   0x20000026   Data           2  main.o(.data)
    timer2                                   0x20000028   Data           2  main.o(.data)
    timKl_imp                                0x2000002a   Data           1  main.o(.data)
    timKl_up                                 0x2000002b   Data           1  main.o(.data)
    timKl_down                               0x2000002c   Data           1  main.o(.data)
    timKl_left                               0x2000002d   Data           1  main.o(.data)
    timeProgram                              0x20000030   Data           4  main.o(.data)
    timerAlarm                               0x20000034   Data           2  main.o(.data)
    kody_zn                                  0x20000036   Data          64  main.o(.data)
    __stdout                                 0x20000078   Data           4  retarget.o(.data)
    __stdin                                  0x2000007c   Data           4  retarget.o(.data)
    buf_rx1                                  0x20000080   Data          32  main.o(.bss)
    buf_rx2                                  0x200000a0   Data          32  main.o(.bss)
    buf_i2c                                  0x200000c0   Data          32  main.o(.bss)
    __libspace_start                         0x200000e0   Data          96  libspace.o(.bss)
    __temporary_stack_top$libspace           0x20000140   Data           0  libspace.o(.bss)



==============================================================================

Memory Map of the image

  Image Entry point : 0x08000175

  Load Region LR_1 (Base: 0x08000000, Size: 0x00001f60, Max: 0xffffffff, ABSOLUTE)

    Execution Region ER_RO (Exec base: 0x08000000, Load base: 0x08000000, Size: 0x00001ee0, Max: 0xffffffff, ABSOLUTE)

    Exec Addr    Load Addr    Size         Type   Attr      Idx    E Section Name        Object

    0x08000000   0x08000000   0x000000c0   Data   RO          655    RESET               startup_stm32f072xb.o
    0x080000c0   0x080000c0   0x00000008   Code   RO          739  * !!!main             c_p.l(__main.o)
    0x080000c8   0x080000c8   0x0000003c   Code   RO          915    !!!scatter          c_p.l(__scatter.o)
    0x08000104   0x08000104   0x0000001a   Code   RO          917    !!handler_copy      c_p.l(__scatter_copy.o)
    0x0800011e   0x0800011e   0x00000002   PAD
    0x08000120   0x08000120   0x0000001c   Code   RO          919    !!handler_zi        c_p.l(__scatter_zi.o)
    0x0800013c   0x0800013c   0x00000002   Code   RO          732    .ARM.Collect$$_printf_percent$$00000000  c_p.l(_printf_percent.o)
    0x0800013e   0x0800013e   0x0000000a   Code   RO          731    .ARM.Collect$$_printf_percent$$00000009  c_p.l(_printf_d.o)
    0x08000148   0x08000148   0x00000004   Code   RO          752    .ARM.Collect$$_printf_percent$$00000017  c_p.l(_printf_percent_end.o)
    0x0800014c   0x0800014c   0x00000002   Code   RO          790    .ARM.Collect$$libinit$$00000000  c_p.l(libinit.o)
    0x0800014e   0x0800014e   0x00000000   Code   RO          804    .ARM.Collect$$libinit$$00000002  c_p.l(libinit2.o)
    0x0800014e   0x0800014e   0x00000000   Code   RO          806    .ARM.Collect$$libinit$$00000004  c_p.l(libinit2.o)
    0x0800014e   0x0800014e   0x00000000   Code   RO          809    .ARM.Collect$$libinit$$0000000A  c_p.l(libinit2.o)
    0x0800014e   0x0800014e   0x00000000   Code   RO          811    .ARM.Collect$$libinit$$0000000C  c_p.l(libinit2.o)
    0x0800014e   0x0800014e   0x00000000   Code   RO          813    .ARM.Collect$$libinit$$0000000E  c_p.l(libinit2.o)
    0x0800014e   0x0800014e   0x00000000   Code   RO          816    .ARM.Collect$$libinit$$00000011  c_p.l(libinit2.o)
    0x0800014e   0x0800014e   0x00000000   Code   RO          818    .ARM.Collect$$libinit$$00000013  c_p.l(libinit2.o)
    0x0800014e   0x0800014e   0x00000000   Code   RO          820    .ARM.Collect$$libinit$$00000015  c_p.l(libinit2.o)
    0x0800014e   0x0800014e   0x00000000   Code   RO          822    .ARM.Collect$$libinit$$00000017  c_p.l(libinit2.o)
    0x0800014e   0x0800014e   0x00000000   Code   RO          824    .ARM.Collect$$libinit$$00000019  c_p.l(libinit2.o)
    0x0800014e   0x0800014e   0x00000000   Code   RO          826    .ARM.Collect$$libinit$$0000001B  c_p.l(libinit2.o)
    0x0800014e   0x0800014e   0x00000000   Code   RO          828    .ARM.Collect$$libinit$$0000001D  c_p.l(libinit2.o)
    0x0800014e   0x0800014e   0x00000000   Code   RO          830    .ARM.Collect$$libinit$$0000001F  c_p.l(libinit2.o)
    0x0800014e   0x0800014e   0x00000000   Code   RO          832    .ARM.Collect$$libinit$$00000021  c_p.l(libinit2.o)
    0x0800014e   0x0800014e   0x00000000   Code   RO          834    .ARM.Collect$$libinit$$00000023  c_p.l(libinit2.o)
    0x0800014e   0x0800014e   0x00000000   Code   RO          836    .ARM.Collect$$libinit$$00000025  c_p.l(libinit2.o)
    0x0800014e   0x0800014e   0x00000000   Code   RO          840    .ARM.Collect$$libinit$$0000002C  c_p.l(libinit2.o)
    0x0800014e   0x0800014e   0x00000000   Code   RO          842    .ARM.Collect$$libinit$$0000002E  c_p.l(libinit2.o)
    0x0800014e   0x0800014e   0x00000000   Code   RO          844    .ARM.Collect$$libinit$$00000030  c_p.l(libinit2.o)
    0x0800014e   0x0800014e   0x00000000   Code   RO          846    .ARM.Collect$$libinit$$00000032  c_p.l(libinit2.o)
    0x0800014e   0x0800014e   0x00000002   Code   RO          847    .ARM.Collect$$libinit$$00000033  c_p.l(libinit2.o)
    0x08000150   0x08000150   0x00000002   Code   RO          871    .ARM.Collect$$libshutdown$$00000000  c_p.l(libshutdown.o)
    0x08000152   0x08000152   0x00000000   Code   RO          897    .ARM.Collect$$libshutdown$$00000002  c_p.l(libshutdown2.o)
    0x08000152   0x08000152   0x00000000   Code   RO          899    .ARM.Collect$$libshutdown$$00000004  c_p.l(libshutdown2.o)
    0x08000152   0x08000152   0x00000000   Code   RO          902    .ARM.Collect$$libshutdown$$00000007  c_p.l(libshutdown2.o)
    0x08000152   0x08000152   0x00000000   Code   RO          905    .ARM.Collect$$libshutdown$$0000000A  c_p.l(libshutdown2.o)
    0x08000152   0x08000152   0x00000000   Code   RO          907    .ARM.Collect$$libshutdown$$0000000C  c_p.l(libshutdown2.o)
    0x08000152   0x08000152   0x00000000   Code   RO          910    .ARM.Collect$$libshutdown$$0000000F  c_p.l(libshutdown2.o)
    0x08000152   0x08000152   0x00000002   Code   RO          911    .ARM.Collect$$libshutdown$$00000010  c_p.l(libshutdown2.o)
    0x08000154   0x08000154   0x00000000   Code   RO          741    .ARM.Collect$$rtentry$$00000000  c_p.l(__rtentry.o)
    0x08000154   0x08000154   0x00000000   Code   RO          756    .ARM.Collect$$rtentry$$00000002  c_p.l(__rtentry2.o)
    0x08000154   0x08000154   0x00000006   Code   RO          768    .ARM.Collect$$rtentry$$00000004  c_p.l(__rtentry4.o)
    0x0800015a   0x0800015a   0x00000000   Code   RO          758    .ARM.Collect$$rtentry$$00000009  c_p.l(__rtentry2.o)
    0x0800015a   0x0800015a   0x00000004   Code   RO          759    .ARM.Collect$$rtentry$$0000000A  c_p.l(__rtentry2.o)
    0x0800015e   0x0800015e   0x00000000   Code   RO          761    .ARM.Collect$$rtentry$$0000000C  c_p.l(__rtentry2.o)
    0x0800015e   0x0800015e   0x00000008   Code   RO          762    .ARM.Collect$$rtentry$$0000000D  c_p.l(__rtentry2.o)
    0x08000166   0x08000166   0x00000002   Code   RO          795    .ARM.Collect$$rtexit$$00000000  c_p.l(rtexit.o)
    0x08000168   0x08000168   0x00000000   Code   RO          849    .ARM.Collect$$rtexit$$00000002  c_p.l(rtexit2.o)
    0x08000168   0x08000168   0x00000004   Code   RO          850    .ARM.Collect$$rtexit$$00000003  c_p.l(rtexit2.o)
    0x0800016c   0x0800016c   0x00000006   Code   RO          851    .ARM.Collect$$rtexit$$00000004  c_p.l(rtexit2.o)
    0x08000172   0x08000172   0x00000002   PAD
    0x08000174   0x08000174   0x00000038   Code   RO          656  * .text               startup_stm32f072xb.o
    0x080001ac   0x080001ac   0x00000002   Code   RO          698    .text               c_p.l(use_no_semi.o)
    0x080001ae   0x080001ae   0x00000002   PAD
    0x080001b0   0x080001b0   0x0000001c   Code   RO          702    .text               c_p.l(noretval__2printf.o)
    0x080001cc   0x080001cc   0x0000006c   Code   RO          704    .text               c_p.l(__printf.o)
    0x08000238   0x08000238   0x0000006c   Code   RO          708    .text               c_p.l(_printf_dec.o)
    0x080002a4   0x080002a4   0x0000015a   Code   RO          733    .text               c_p.l(aeabi_sdiv.o)
    0x080003fe   0x080003fe   0x00000006   Code   RO          737    .text               c_p.l(heapauxi.o)
    0x08000404   0x08000404   0x000000b0   Code   RO          746    .text               c_p.l(_printf_intcommon.o)
    0x080004b4   0x080004b4   0x00000028   Code   RO          750    .text               c_p.l(_printf_char_file.o)
    0x080004dc   0x080004dc   0x00000028   Code   RO          753    .text               c_p.l(rtudiv10.o)
    0x08000504   0x08000504   0x00000030   Code   RO          772    .text               c_p.l(_printf_char_common.o)
    0x08000534   0x08000534   0x0000003e   Code   RO          774    .text               c_p.l(sys_stackheap_outer.o)
    0x08000572   0x08000572   0x00000010   Code   RO          779    .text               c_p.l(exit.o)
    0x08000582   0x08000582   0x00000002   PAD
    0x08000584   0x08000584   0x00000008   Code   RO          791    .text               c_p.l(libspace.o)
    0x0800058c   0x0800058c   0x0000001c   Code   RO            7    i.EXTI2_3_IRQHandler  main.o
    0x080005a8   0x080005a8   0x000000bc   Code   RO            9    i.GPIO_init         main.o
    0x08000664   0x08000664   0x00000004   Code   RO           10    i.HardFault_Handler  main.o
    0x08000668   0x08000668   0x00000034   Code   RO           15    i.Lcd_8dec_2        main.o
    0x0800069c   0x0800069c   0x00000032   Code   RO           16    i.Lcd_8dec_bcd      main.o
    0x080006ce   0x080006ce   0x00000002   PAD
    0x080006d0   0x080006d0   0x00000064   Code   RO           23    i.Lcd_char          main.o
    0x08000734   0x08000734   0x0000003a   Code   RO           24    i.Lcd_cls           main.o
    0x0800076e   0x0800076e   0x00000002   PAD
    0x08000770   0x08000770   0x00000058   Code   RO           25    i.Lcd_cmd           main.o
    0x080007c8   0x080007c8   0x000000bc   Code   RO           26    i.Lcd_init          main.o
    0x08000884   0x08000884   0x00000016   Code   RO           27    i.Lcd_str           main.o
    0x0800089a   0x0800089a   0x00000016   Code   RO           28    i.Lcd_strr          main.o
    0x080008b0   0x080008b0   0x00000002   Code   RO           29    i.NMI_Handler       main.o
    0x080008b2   0x080008b2   0x00000002   Code   RO           30    i.PendSV_Handler    main.o
    0x080008b4   0x080008b4   0x00000080   Code   RO           31    i.RCC_init          main.o
    0x08000934   0x08000934   0x0000002c   Code   RO           32    i.RTC_Alarm_WriteProtectionDisable  main.o
    0x08000960   0x08000960   0x0000001c   Code   RO           33    i.RTC_Alarm_WriteProtectionEnable  main.o
    0x0800097c   0x0800097c   0x00000030   Code   RO           34    i.RTC_IRQHandler    main.o
    0x080009ac   0x080009ac   0x0000002c   Code   RO           35    i.RTC_WriteProtectionDisable  main.o
    0x080009d8   0x080009d8   0x0000001c   Code   RO           36    i.RTC_WriteProtectionEnable  main.o
    0x080009f4   0x080009f4   0x00000060   Code   RO           37    i.RTC_alarm_init    main.o
    0x08000a54   0x08000a54   0x00000060   Code   RO           39    i.RTC_init          main.o
    0x08000ab4   0x08000ab4   0x00000002   Code   RO           45    i.SVC_Handler       main.o
    0x08000ab6   0x08000ab6   0x00000002   PAD
    0x08000ab8   0x08000ab8   0x0000012c   Code   RO           46    i.SysTick_Handler   main.o
    0x08000be4   0x08000be4   0x00000078   Code   RO          663    i.SystemInit        system_stm32f0xx.o
    0x08000c5c   0x08000c5c   0x0000001c   Code   RO           47    i.TIM14_IRQHandler  main.o
    0x08000c78   0x08000c78   0x0000001c   Code   RO           48    i.TIM15_IRQHandler  main.o
    0x08000c94   0x08000c94   0x00000044   Code   RO           49    i.TIM3_IRQHandler   main.o
    0x08000cd8   0x08000cd8   0x0000004c   Code   RO           50    i.TIM3_init         main.o
    0x08000d24   0x08000d24   0x00000002   Code   RO           51    i.USART1_IRQHandler  main.o
    0x08000d26   0x08000d26   0x00000002   PAD
    0x08000d28   0x08000d28   0x00000050   Code   RO           52    i.USART2_IRQHandler  main.o
    0x08000d78   0x08000d78   0x00000068   Code   RO           53    i.USART2_init       main.o
    0x08000de0   0x08000de0   0x00000020   Code   RO           54    i.__NVIC_EnableIRQ  main.o
    0x08000e00   0x08000e00   0x00000078   Code   RO           55    i.__NVIC_SetPriority  main.o
    0x08000e78   0x08000e78   0x00000004   Code   RO          606    i._sys_exit         retarget.o
    0x08000e7c   0x08000e7c   0x000000e4   Code   RO           56    i.addAlarmValue     main.o
    0x08000f60   0x08000f60   0x00000104   Code   RO           57    i.addDateValue      main.o
    0x08001064   0x08001064   0x00000118   Code   RO           58    i.addTimeValue      main.o
    0x0800117c   0x0800117c   0x0000007c   Code   RO           59    i.addValue          main.o
    0x080011f8   0x080011f8   0x00000048   Code   RO           60    i.addWeekDayValue   main.o
    0x08001240   0x08001240   0x000001a0   Code   RO           61    i.alarmMode         main.o
    0x080013e0   0x080013e0   0x00000012   Code   RO           62    i.bcdToBinary       main.o
    0x080013f2   0x080013f2   0x0000001c   Code   RO           63    i.binaryToBcd       main.o
    0x0800140e   0x0800140e   0x00000002   PAD
    0x08001410   0x08001410   0x0000005c   Code   RO           64    i.chechAlarm        main.o
    0x0800146c   0x0800146c   0x00000060   Code   RO           65    i.correctDay        main.o
    0x080014cc   0x080014cc   0x00000046   Code   RO           66    i.ctz               main.o
    0x08001512   0x08001512   0x00000002   PAD
    0x08001514   0x08001514   0x00000044   Code   RO           67    i.displayAlarm      main.o
    0x08001558   0x08001558   0x0000006c   Code   RO           68    i.displayClock      main.o
    0x080015c4   0x080015c4   0x00000080   Code   RO           69    i.displayClock1     main.o
    0x08001644   0x08001644   0x000000b8   Code   RO           70    i.displayClock2     main.o
    0x080016fc   0x080016fc   0x00000068   Code   RO           71    i.displayDate       main.o
    0x08001764   0x08001764   0x00000064   Code   RO           72    i.displayTime       main.o
    0x080017c8   0x080017c8   0x00000044   Code   RO           73    i.displayWeekDay    main.o
    0x0800180c   0x0800180c   0x00000008   Code   RO          608    i.ferror            retarget.o
    0x08001814   0x08001814   0x0000000e   Code   RO          609    i.fputc             retarget.o
    0x08001822   0x08001822   0x00000002   PAD
    0x08001824   0x08001824   0x00000010   Code   RO           74    i.getAlarmMode      main.o
    0x08001834   0x08001834   0x00000038   Code   RO           75    i.gpio_af_cfg       main.o
    0x0800186c   0x0800186c   0x0000006c   Code   RO           76    i.gpio_pin_cfg      main.o
    0x080018d8   0x080018d8   0x000002f8   Code   RO           79    i.main              main.o
    0x08001bd0   0x08001bd0   0x0000008c   Code   RO           80    i.nextSettingIndex  main.o
    0x08001c5c   0x08001c5c   0x00000058   Code   RO           81    i.nextSettingTypeTime  main.o
    0x08001cb4   0x08001cb4   0x0000001c   Code   RO           82    i.sendchar          main.o
    0x08001cd0   0x08001cd0   0x00000020   Code   RO           83    i.setAlarmMode      main.o
    0x08001cf0   0x08001cf0   0x0000004c   Code   RO           84    i.setClockMode      main.o
    0x08001d3c   0x08001d3c   0x00000028   Code   RO           85    i.updateAlarm       main.o
    0x08001d64   0x08001d64   0x00000078   Code   RO           86    i.updateDateTime    main.o
    0x08001ddc   0x08001ddc   0x0000005c   Code   RO           87    i.waitus            main.o
    0x08001e38   0x08001e38   0x0000004c   Code   RO           88    i.wr595             main.o
    0x08001e84   0x08001e84   0x0000003a   Data   RO           90    .constdata          main.o
    0x08001ebe   0x08001ebe   0x00000002   PAD
    0x08001ec0   0x08001ec0   0x00000020   Data   RO          913    Region$$Table       anon$$obj.o


    Execution Region ER_RW (Exec base: 0x20000000, Load base: 0x08001ee0, Size: 0x00000080, Max: 0xffffffff, ABSOLUTE)

    Exec Addr    Load Addr    Size         Type   Attr      Idx    E Section Name        Object

    0x20000000   0x08001ee0   0x00000076   Data   RW           91    .data               main.o
    0x20000076   0x08001f56   0x00000002   PAD
    0x20000078   0x08001f58   0x00000008   Data   RW          610    .data               retarget.o


    Execution Region ER_ZI (Exec base: 0x20000080, Load base: 0x08001f60, Size: 0x000006c0, Max: 0xffffffff, ABSOLUTE)

    Exec Addr    Load Addr    Size         Type   Attr      Idx    E Section Name        Object

    0x20000080        -       0x00000060   Zero   RW           89    .bss                main.o
    0x200000e0        -       0x00000060   Zero   RW          792    .bss                c_p.l(libspace.o)
    0x20000140        -       0x00000200   Zero   RW          654    HEAP                startup_stm32f072xb.o
    0x20000340        -       0x00000400   Zero   RW          653    STACK               startup_stm32f072xb.o


==============================================================================

Image component sizes


      Code (inc. data)   RO Data    RW Data    ZI Data      Debug   Object Name

      6232        810         58        118         96     434771   main.o
        26          0          0          8          0       3501   retarget.o
        56         26        192          0       1536        700   startup_stm32f072xb.o
       120         18          0          0          0        533   system_stm32f0xx.o

    ----------------------------------------------------------------------
      6448        854        284        128       1632     439505   Object Totals
         0          0         32          0          0          0   (incl. Generated)
        14          0          2          2          0          0   (incl. Padding)

    ----------------------------------------------------------------------

      Code (inc. data)   RO Data    RW Data    ZI Data      Debug   Library Member Name

         8          0          0          0          0         68   __main.o
       108          0          0          0          0         76   __printf.o
         0          0          0          0          0          0   __rtentry.o
        12          0          0          0          0          0   __rtentry2.o
         6          0          0          0          0          0   __rtentry4.o
        60          8          0          0          0          0   __scatter.o
        26          0          0          0          0          0   __scatter_copy.o
        28          0          0          0          0          0   __scatter_zi.o
        48          6          0          0          0         88   _printf_char_common.o
        40          6          0          0          0         72   _printf_char_file.o
        10          0          0          0          0          0   _printf_d.o
       108         18          0          0          0         76   _printf_dec.o
       176          0          0          0          0         84   _printf_intcommon.o
         2          0          0          0          0          0   _printf_percent.o
         4          0          0          0          0          0   _printf_percent_end.o
       346          0          0          0          0         92   aeabi_sdiv.o
        16          0          0          0          0         68   exit.o
         6          0          0          0          0        136   heapauxi.o
         2          0          0          0          0          0   libinit.o
         2          0          0          0          0          0   libinit2.o
         2          0          0          0          0          0   libshutdown.o
         2          0          0          0          0          0   libshutdown2.o
         8          4          0          0         96         68   libspace.o
        28          6          0          0          0         84   noretval__2printf.o
         2          0          0          0          0          0   rtexit.o
        10          0          0          0          0          0   rtexit2.o
        40          0          0          0          0         60   rtudiv10.o
        62          0          0          0          0         80   sys_stackheap_outer.o
         2          0          0          0          0         68   use_no_semi.o

    ----------------------------------------------------------------------
      1172         48          0          0         96       1120   Library Totals
         8          0          0          0          0          0   (incl. Padding)

    ----------------------------------------------------------------------

      Code (inc. data)   RO Data    RW Data    ZI Data      Debug   Library Name

      1164         48          0          0         96       1120   c_p.l

    ----------------------------------------------------------------------
      1172         48          0          0         96       1120   Library Totals

    ----------------------------------------------------------------------

==============================================================================


      Code (inc. data)   RO Data    RW Data    ZI Data      Debug   

      7620        902        284        128       1728     437445   Grand Totals
      7620        902        284        128       1728     437445   ELF Image Totals
      7620        902        284        128          0          0   ROM Totals

==============================================================================

    Total RO  Size (Code + RO Data)                 7904 (   7.72kB)
    Total RW  Size (RW Data + ZI Data)              1856 (   1.81kB)
    Total ROM Size (Code + RO Data + RW Data)       8032 (   7.84kB)

==============================================================================

